Archive member included to satisfy reference by file (symbol)

/home/dev/gcc-arm-none-eabi-10.3-2021.10/bin/../lib/gcc/arm-none-eabi/10.3.1/../../../../arm-none-eabi/lib/thumb/v7e-m+fp/hard/libc_nano.a(lib_a-errno.o)
                              build/sysmem.o (__errno)
/home/dev/gcc-arm-none-eabi-10.3-2021.10/bin/../lib/gcc/arm-none-eabi/10.3.1/../../../../arm-none-eabi/lib/thumb/v7e-m+fp/hard/libc_nano.a(lib_a-exit.o)
                              /home/dev/gcc-arm-none-eabi-10.3-2021.10/bin/../lib/gcc/arm-none-eabi/10.3.1/../../../../arm-none-eabi/lib/thumb/v7e-m+fp/hard/crt0.o (exit)
/home/dev/gcc-arm-none-eabi-10.3-2021.10/bin/../lib/gcc/arm-none-eabi/10.3.1/../../../../arm-none-eabi/lib/thumb/v7e-m+fp/hard/libc_nano.a(lib_a-impure.o)
                              /home/dev/gcc-arm-none-eabi-10.3-2021.10/bin/../lib/gcc/arm-none-eabi/10.3.1/../../../../arm-none-eabi/lib/thumb/v7e-m+fp/hard/libc_nano.a(lib_a-exit.o) (_global_impure_ptr)
/home/dev/gcc-arm-none-eabi-10.3-2021.10/bin/../lib/gcc/arm-none-eabi/10.3.1/../../../../arm-none-eabi/lib/thumb/v7e-m+fp/hard/libc_nano.a(lib_a-init.o)
                              /home/dev/gcc-arm-none-eabi-10.3-2021.10/bin/../lib/gcc/arm-none-eabi/10.3.1/../../../../arm-none-eabi/lib/thumb/v7e-m+fp/hard/crt0.o (__libc_init_array)
/home/dev/gcc-arm-none-eabi-10.3-2021.10/bin/../lib/gcc/arm-none-eabi/10.3.1/../../../../arm-none-eabi/lib/thumb/v7e-m+fp/hard/libc_nano.a(lib_a-memset.o)
                              /home/dev/gcc-arm-none-eabi-10.3-2021.10/bin/../lib/gcc/arm-none-eabi/10.3.1/../../../../arm-none-eabi/lib/thumb/v7e-m+fp/hard/crt0.o (memset)
/home/dev/gcc-arm-none-eabi-10.3-2021.10/bin/../lib/gcc/arm-none-eabi/10.3.1/thumb/v7e-m+fp/hard/libgcc.a(_aeabi_uldivmod.o)
                              build/stm32l4xx_hal_uart.o (__aeabi_uldivmod)
/home/dev/gcc-arm-none-eabi-10.3-2021.10/bin/../lib/gcc/arm-none-eabi/10.3.1/thumb/v7e-m+fp/hard/libgcc.a(_udivmoddi4.o)
                              /home/dev/gcc-arm-none-eabi-10.3-2021.10/bin/../lib/gcc/arm-none-eabi/10.3.1/thumb/v7e-m+fp/hard/libgcc.a(_aeabi_uldivmod.o) (__udivmoddi4)
/home/dev/gcc-arm-none-eabi-10.3-2021.10/bin/../lib/gcc/arm-none-eabi/10.3.1/thumb/v7e-m+fp/hard/libgcc.a(_dvmd_tls.o)
                              /home/dev/gcc-arm-none-eabi-10.3-2021.10/bin/../lib/gcc/arm-none-eabi/10.3.1/thumb/v7e-m+fp/hard/libgcc.a(_aeabi_uldivmod.o) (__aeabi_ldiv0)

Discarded input sections

 .text          0x0000000000000000        0x0 /home/dev/gcc-arm-none-eabi-10.3-2021.10/bin/../lib/gcc/arm-none-eabi/10.3.1/thumb/v7e-m+fp/hard/crti.o
 .data          0x0000000000000000        0x0 /home/dev/gcc-arm-none-eabi-10.3-2021.10/bin/../lib/gcc/arm-none-eabi/10.3.1/thumb/v7e-m+fp/hard/crti.o
 .bss           0x0000000000000000        0x0 /home/dev/gcc-arm-none-eabi-10.3-2021.10/bin/../lib/gcc/arm-none-eabi/10.3.1/thumb/v7e-m+fp/hard/crti.o
 .data          0x0000000000000000        0x4 /home/dev/gcc-arm-none-eabi-10.3-2021.10/bin/../lib/gcc/arm-none-eabi/10.3.1/thumb/v7e-m+fp/hard/crtbegin.o
 .rodata        0x0000000000000000       0x24 /home/dev/gcc-arm-none-eabi-10.3-2021.10/bin/../lib/gcc/arm-none-eabi/10.3.1/thumb/v7e-m+fp/hard/crtbegin.o
 .text          0x0000000000000000       0x7c /home/dev/gcc-arm-none-eabi-10.3-2021.10/bin/../lib/gcc/arm-none-eabi/10.3.1/../../../../arm-none-eabi/lib/thumb/v7e-m+fp/hard/crt0.o
 .data          0x0000000000000000        0x0 /home/dev/gcc-arm-none-eabi-10.3-2021.10/bin/../lib/gcc/arm-none-eabi/10.3.1/../../../../arm-none-eabi/lib/thumb/v7e-m+fp/hard/crt0.o
 .bss           0x0000000000000000        0x0 /home/dev/gcc-arm-none-eabi-10.3-2021.10/bin/../lib/gcc/arm-none-eabi/10.3.1/../../../../arm-none-eabi/lib/thumb/v7e-m+fp/hard/crt0.o
 .ARM.extab     0x0000000000000000        0x0 /home/dev/gcc-arm-none-eabi-10.3-2021.10/bin/../lib/gcc/arm-none-eabi/10.3.1/../../../../arm-none-eabi/lib/thumb/v7e-m+fp/hard/crt0.o
 .ARM.exidx     0x0000000000000000       0x10 /home/dev/gcc-arm-none-eabi-10.3-2021.10/bin/../lib/gcc/arm-none-eabi/10.3.1/../../../../arm-none-eabi/lib/thumb/v7e-m+fp/hard/crt0.o
 .ARM.attributes
                0x0000000000000000       0x1c /home/dev/gcc-arm-none-eabi-10.3-2021.10/bin/../lib/gcc/arm-none-eabi/10.3.1/../../../../arm-none-eabi/lib/thumb/v7e-m+fp/hard/crt0.o
 .text          0x0000000000000000        0x0 build/main.o
 .data          0x0000000000000000        0x0 build/main.o
 .bss           0x0000000000000000        0x0 build/main.o
 .text          0x0000000000000000        0x0 build/stm32l4xx_it.o
 .data          0x0000000000000000        0x0 build/stm32l4xx_it.o
 .bss           0x0000000000000000        0x0 build/stm32l4xx_it.o
 .text          0x0000000000000000        0x0 build/stm32l4xx_hal_msp.o
 .data          0x0000000000000000        0x0 build/stm32l4xx_hal_msp.o
 .bss           0x0000000000000000        0x0 build/stm32l4xx_hal_msp.o
 .text.HAL_DFSDM_ChannelMspDeInit
                0x0000000000000000       0x30 build/stm32l4xx_hal_msp.o
[...]
Memory Configuration

Name             Origin             Length             Attributes
RAM              0x0000000020000000 0x0000000000018000 xrw
RAM2             0x0000000010000000 0x0000000000008000 xrw
FLASH            0x0000000008000000 0x0000000000100000 xr
*default*        0x0000000000000000 0xffffffffffffffff

Linker script and memory map

LOAD /home/dev/gcc-arm-none-eabi-10.3-2021.10/bin/../lib/gcc/arm-none-eabi/10.3.1/thumb/v7e-m+fp/hard/crti.o
LOAD /home/dev/gcc-arm-none-eabi-10.3-2021.10/bin/../lib/gcc/arm-none-eabi/10.3.1/thumb/v7e-m+fp/hard/crtbegin.o
LOAD /home/dev/gcc-arm-none-eabi-10.3-2021.10/bin/../lib/gcc/arm-none-eabi/10.3.1/../../../../arm-none-eabi/lib/thumb/v7e-m+fp/hard/crt0.o
LOAD build/main.o
LOAD build/stm32l4xx_it.o
LOAD build/stm32l4xx_hal_msp.o
LOAD build/stm32l4xx_hal_dfsdm.o
LOAD build/stm32l4xx_hal.o
LOAD build/stm32l4xx_hal_rcc.o
LOAD build/stm32l4xx_hal_rcc_ex.o
LOAD build/stm32l4xx_hal_flash.o
LOAD build/stm32l4xx_hal_flash_ex.o
LOAD build/stm32l4xx_hal_flash_ramfunc.o
LOAD build/stm32l4xx_hal_gpio.o
LOAD build/stm32l4xx_hal_i2c.o
LOAD build/stm32l4xx_hal_i2c_ex.o
LOAD build/stm32l4xx_hal_dma.o
LOAD build/stm32l4xx_hal_dma_ex.o
LOAD build/stm32l4xx_hal_pwr.o
LOAD build/stm32l4xx_hal_pwr_ex.o
LOAD build/stm32l4xx_hal_cortex.o
LOAD build/stm32l4xx_hal_exti.o
LOAD build/stm32l4xx_hal_qspi.o
LOAD build/stm32l4xx_hal_spi.o
LOAD build/stm32l4xx_hal_spi_ex.o
LOAD build/stm32l4xx_hal_tim.o
LOAD build/stm32l4xx_hal_tim_ex.o
LOAD build/stm32l4xx_hal_uart.o
LOAD build/stm32l4xx_hal_uart_ex.o
LOAD build/stm32l4xx_hal_pcd.o
LOAD build/stm32l4xx_hal_pcd_ex.o
LOAD build/stm32l4xx_ll_usb.o
LOAD build/system_stm32l4xx.o
LOAD build/sysmem.o
LOAD build/syscalls.o
LOAD build/startup_stm32l475xx.o
LOAD /home/dev/gcc-arm-none-eabi-10.3-2021.10/bin/../lib/gcc/arm-none-eabi/10.3.1/../../../../arm-none-eabi/lib/thumb/v7e-m+fp/hard/libc_nano.a
LOAD /home/dev/gcc-arm-none-eabi-10.3-2021.10/bin/../lib/gcc/arm-none-eabi/10.3.1/../../../../arm-none-eabi/lib/thumb/v7e-m+fp/hard/libm.a
LOAD /home/dev/gcc-arm-none-eabi-10.3-2021.10/bin/../lib/gcc/arm-none-eabi/10.3.1/../../../../arm-none-eabi/lib/thumb/v7e-m+fp/hard/libnosys.a
START GROUP
LOAD /home/dev/gcc-arm-none-eabi-10.3-2021.10/bin/../lib/gcc/arm-none-eabi/10.3.1/thumb/v7e-m+fp/hard/libgcc.a
LOAD /home/dev/gcc-arm-none-eabi-10.3-2021.10/bin/../lib/gcc/arm-none-eabi/10.3.1/../../../../arm-none-eabi/lib/thumb/v7e-m+fp/hard/libc_nano.a
END GROUP
START GROUP
LOAD /home/dev/gcc-arm-none-eabi-10.3-2021.10/bin/../lib/gcc/arm-none-eabi/10.3.1/thumb/v7e-m+fp/hard/libgcc.a
LOAD /home/dev/gcc-arm-none-eabi-10.3-2021.10/bin/../lib/gcc/arm-none-eabi/10.3.1/../../../../arm-none-eabi/lib/thumb/v7e-m+fp/hard/libc_nano.a
END GROUP
LOAD /home/dev/gcc-arm-none-eabi-10.3-2021.10/bin/../lib/gcc/arm-none-eabi/10.3.1/thumb/v7e-m+fp/hard/crtend.o
LOAD /home/dev/gcc-arm-none-eabi-10.3-2021.10/bin/../lib/gcc/arm-none-eabi/10.3.1/thumb/v7e-m+fp/hard/crtn.o
                0x0000000020018000                _estack = (ORIGIN (RAM) + LENGTH (RAM))
                0x0000000000000200                _Min_Heap_Size = 0x200
                0x0000000000000400                _Min_Stack_Size = 0x400

.isr_vector     0x0000000008000000      0x188
                0x0000000008000000                . = ALIGN (0x8)
 *(.isr_vector)
 .isr_vector    0x0000000008000000      0x188 build/startup_stm32l475xx.o
                0x0000000008000000                g_pfnVectors
                0x0000000008000188                . = ALIGN (0x8)

.text           0x0000000008000188     0x3190
                0x0000000008000188                . = ALIGN (0x8)
 *(.text)
 .text          0x0000000008000188       0x40 /home/dev/gcc-arm-none-eabi-10.3-2021.10/bin/../lib/gcc/arm-none-eabi/10.3.1/thumb/v7e-m+fp/hard/crtbegin.o
 .text          0x00000000080001c8       0x30 /home/dev/gcc-arm-none-eabi-10.3-2021.10/bin/../lib/gcc/arm-none-eabi/10.3.1/thumb/v7e-m+fp/hard/libgcc.a(_aeabi_uldivmod.o)
                0x00000000080001c8                __aeabi_uldivmod
 .text          0x00000000080001f8      0x2d0 /home/dev/gcc-arm-none-eabi-10.3-2021.10/bin/../lib/gcc/arm-none-eabi/10.3.1/thumb/v7e-m+fp/hard/libgcc.a(_udivmoddi4.o)
                0x00000000080001f8                __udivmoddi4
 .text          0x00000000080004c8        0x4 /home/dev/gcc-arm-none-eabi-10.3-2021.10/bin/../lib/gcc/arm-none-eabi/10.3.1/thumb/v7e-m+fp/hard/libgcc.a(_dvmd_tls.o)
                0x00000000080004c8                __aeabi_ldiv0
                0x00000000080004c8                __aeabi_idiv0
 *(.text*)
 .text.MX_GPIO_Init
                0x00000000080004cc      0x2b0 build/main.o
 .text.Error_Handler
                0x000000000800077c        0x4 build/main.o
                0x000000000800077c                Error_Handler
 .text.MX_DFSDM1_Init
                0x0000000008000780       0x40 build/main.o
 .text.MX_I2C2_Init
                0x00000000080007c0       0x50 build/main.o
 .text.MX_QUADSPI_Init
                0x0000000008000810       0x34 build/main.o
 .text.MX_SPI3_Init
                0x0000000008000844       0x48 build/main.o
 .text.MX_USART1_UART_Init
                0x000000000800088c       0x38 build/main.o
 .text.MX_USART3_UART_Init
                0x00000000080008c4       0x38 build/main.o
 .text.MX_USB_OTG_FS_PCD_Init
                0x00000000080008fc       0x34 build/main.o
 .text.SystemClock_Config
                0x0000000008000930       0x9c build/main.o
                0x0000000008000930                SystemClock_Config
 .text.main     0x00000000080009cc       0x2c build/main.o
                0x00000000080009cc                main
 .text.NMI_Handler
                0x00000000080009f8        0x2 build/stm32l4xx_it.o
                0x00000000080009f8                NMI_Handler
 .text.HardFault_Handler
                0x00000000080009fa        0x2 build/stm32l4xx_it.o
                0x00000000080009fa                HardFault_Handler
 .text.MemManage_Handler
                0x00000000080009fc        0x2 build/stm32l4xx_it.o
                0x00000000080009fc                MemManage_Handler
 .text.BusFault_Handler
                0x00000000080009fe        0x2 build/stm32l4xx_it.o
                0x00000000080009fe                BusFault_Handler
 .text.UsageFault_Handler
                0x0000000008000a00        0x2 build/stm32l4xx_it.o
                0x0000000008000a00                UsageFault_Handler
 .text.SVC_Handler
                0x0000000008000a02        0x2 build/stm32l4xx_it.o
                0x0000000008000a02                SVC_Handler
 .text.DebugMon_Handler
                0x0000000008000a04        0x2 build/stm32l4xx_it.o
                0x0000000008000a04                DebugMon_Handler
 .text.PendSV_Handler
                0x0000000008000a06        0x2 build/stm32l4xx_it.o
                0x0000000008000a06                PendSV_Handler
 .text.SysTick_Handler
                0x0000000008000a08        0x8 build/stm32l4xx_it.o
                0x0000000008000a08                SysTick_Handler
 .text.EXTI9_5_IRQHandler
                0x0000000008000a10       0x1e build/stm32l4xx_it.o
                0x0000000008000a10                EXTI9_5_IRQHandler
 .text.EXTI15_10_IRQHandler
                0x0000000008000a2e       0x2c build/stm32l4xx_it.o
                0x0000000008000a2e                EXTI15_10_IRQHandler
 *fill*         0x0000000008000a5a        0x2 
 .text.HAL_MspInit
                0x0000000008000a5c       0x30 build/stm32l4xx_hal_msp.o
                0x0000000008000a5c                HAL_MspInit
 .text.HAL_DFSDM_ChannelMspInit
                0x0000000008000a8c       0x90 build/stm32l4xx_hal_msp.o
                0x0000000008000a8c                HAL_DFSDM_ChannelMspInit
 .text.HAL_I2C_MspInit
                0x0000000008000b1c       0x8c build/stm32l4xx_hal_msp.o
                0x0000000008000b1c                HAL_I2C_MspInit
 .text.HAL_QSPI_MspInit
                0x0000000008000ba8       0x70 build/stm32l4xx_hal_msp.o
                0x0000000008000ba8                HAL_QSPI_MspInit
 .text.HAL_SPI_MspInit
                0x0000000008000c18       0x6c build/stm32l4xx_hal_msp.o
                0x0000000008000c18                HAL_SPI_MspInit
 .text.HAL_UART_MspInit
                0x0000000008000c84       0xf0 build/stm32l4xx_hal_msp.o
                0x0000000008000c84                HAL_UART_MspInit
 .text.HAL_PCD_MspInit
                0x0000000008000d74       0xe8 build/stm32l4xx_hal_msp.o
                0x0000000008000d74                HAL_PCD_MspInit
 .text.DFSDM_GetChannelFromInstance
                0x0000000008000e5c       0x50 build/stm32l4xx_hal_dfsdm.o
 .text.HAL_DFSDM_ChannelInit
                0x0000000008000eac      0x108 build/stm32l4xx_hal_dfsdm.o
                0x0000000008000eac                HAL_DFSDM_ChannelInit
 .text.HAL_InitTick
                0x0000000008000fb4       0x50 build/stm32l4xx_hal.o
                0x0000000008000fb4                HAL_InitTick
 .text.HAL_Init
                0x0000000008001004       0x1e build/stm32l4xx_hal.o
                0x0000000008001004                HAL_Init
 *fill*         0x0000000008001022        0x2 
 .text.HAL_IncTick
                0x0000000008001024       0x18 build/stm32l4xx_hal.o
                0x0000000008001024                HAL_IncTick
 .text.HAL_GetTick
                0x000000000800103c        0xc build/stm32l4xx_hal.o
                0x000000000800103c                HAL_GetTick
 .text.HAL_Delay
                0x0000000008001048       0x28 build/stm32l4xx_hal.o
                0x0000000008001048                HAL_Delay
 .text.RCC_SetFlashLatencyFromMSIRange
                0x0000000008001070       0x90 build/stm32l4xx_hal_rcc.o
 .text.HAL_RCC_GetSysClockFreq
                0x0000000008001100       0xb4 build/stm32l4xx_hal_rcc.o
                0x0000000008001100                HAL_RCC_GetSysClockFreq
 .text.HAL_RCC_OscConfig
                0x00000000080011b4      0x61c build/stm32l4xx_hal_rcc.o
                0x00000000080011b4                HAL_RCC_OscConfig
 .text.HAL_RCC_ClockConfig
                0x00000000080017d0      0x188 build/stm32l4xx_hal_rcc.o
                0x00000000080017d0                HAL_RCC_ClockConfig
 .text.HAL_RCC_GetHCLKFreq
                0x0000000008001958        0xc build/stm32l4xx_hal_rcc.o
                0x0000000008001958                HAL_RCC_GetHCLKFreq
 .text.HAL_RCC_GetPCLK1Freq
                0x0000000008001964       0x24 build/stm32l4xx_hal_rcc.o
                0x0000000008001964                HAL_RCC_GetPCLK1Freq
 .text.HAL_RCC_GetPCLK2Freq
                0x0000000008001988       0x24 build/stm32l4xx_hal_rcc.o
                0x0000000008001988                HAL_RCC_GetPCLK2Freq
 .text.RCCEx_PLLSAI1_Config
                0x00000000080019ac      0x170 build/stm32l4xx_hal_rcc_ex.o
 .text.RCCEx_PLLSAI2_Config
                0x0000000008001b1c      0x14c build/stm32l4xx_hal_rcc_ex.o
 .text.HAL_RCCEx_PeriphCLKConfig
                0x0000000008001c68      0x454 build/stm32l4xx_hal_rcc_ex.o
                0x0000000008001c68                HAL_RCCEx_PeriphCLKConfig
 .text.HAL_RCCEx_EnableMSIPLLMode
                0x00000000080020bc       0x10 build/stm32l4xx_hal_rcc_ex.o
                0x00000000080020bc                HAL_RCCEx_EnableMSIPLLMode
 .text.HAL_GPIO_Init
                0x00000000080020cc      0x200 build/stm32l4xx_hal_gpio.o
                0x00000000080020cc                HAL_GPIO_Init
 .text.HAL_GPIO_WritePin
                0x00000000080022cc        0xa build/stm32l4xx_hal_gpio.o
                0x00000000080022cc                HAL_GPIO_WritePin
 .text.HAL_GPIO_EXTI_Callback
                0x00000000080022d6        0x2 build/stm32l4xx_hal_gpio.o
                0x00000000080022d6                HAL_GPIO_EXTI_Callback
 .text.HAL_GPIO_EXTI_IRQHandler
                0x00000000080022d8       0x1c build/stm32l4xx_hal_gpio.o
                0x00000000080022d8                HAL_GPIO_EXTI_IRQHandler
 .text.HAL_I2C_Init
                0x00000000080022f4       0xc8 build/stm32l4xx_hal_i2c.o
                0x00000000080022f4                HAL_I2C_Init
 .text.HAL_I2CEx_ConfigAnalogFilter
                0x00000000080023bc       0x5c build/stm32l4xx_hal_i2c_ex.o
                0x00000000080023bc                HAL_I2CEx_ConfigAnalogFilter
 .text.HAL_I2CEx_ConfigDigitalFilter
                0x0000000008002418       0x58 build/stm32l4xx_hal_i2c_ex.o
                0x0000000008002418                HAL_I2CEx_ConfigDigitalFilter
 .text.HAL_PWR_EnableBkUpAccess
                0x0000000008002470       0x10 build/stm32l4xx_hal_pwr.o
                0x0000000008002470                HAL_PWR_EnableBkUpAccess
 .text.HAL_PWREx_GetVoltageRange
                0x0000000008002480       0x10 build/stm32l4xx_hal_pwr_ex.o
                0x0000000008002480                HAL_PWREx_GetVoltageRange
 .text.HAL_PWREx_ControlVoltageScaling
                0x0000000008002490       0x90 build/stm32l4xx_hal_pwr_ex.o
                0x0000000008002490                HAL_PWREx_ControlVoltageScaling
 .text.HAL_PWREx_EnableVddUSB
                0x0000000008002520       0x10 build/stm32l4xx_hal_pwr_ex.o
                0x0000000008002520                HAL_PWREx_EnableVddUSB
 .text.HAL_NVIC_SetPriorityGrouping
                0x0000000008002530       0x24 build/stm32l4xx_hal_cortex.o
                0x0000000008002530                HAL_NVIC_SetPriorityGrouping
 .text.HAL_NVIC_SetPriority
                0x0000000008002554       0x70 build/stm32l4xx_hal_cortex.o
                0x0000000008002554                HAL_NVIC_SetPriority
 .text.HAL_NVIC_EnableIRQ
                0x00000000080025c4       0x1c build/stm32l4xx_hal_cortex.o
                0x00000000080025c4                HAL_NVIC_EnableIRQ
 .text.HAL_SYSTICK_Config
                0x00000000080025e0       0x28 build/stm32l4xx_hal_cortex.o
                0x00000000080025e0                HAL_SYSTICK_Config
 .text.QSPI_WaitFlagStateUntilTimeout
                0x0000000008002608       0x54 build/stm32l4xx_hal_qspi.o
 .text.HAL_QSPI_SetTimeout
                0x000000000800265c        0x4 build/stm32l4xx_hal_qspi.o
                0x000000000800265c                HAL_QSPI_SetTimeout
 .text.HAL_QSPI_Init
                0x0000000008002660       0xa8 build/stm32l4xx_hal_qspi.o
                0x0000000008002660                HAL_QSPI_Init
 .text.HAL_SPI_Init
                0x0000000008002708       0xde build/stm32l4xx_hal_spi.o
                0x0000000008002708                HAL_SPI_Init
 .text.UART_EndRxTransfer
                0x00000000080027e6       0x52 build/stm32l4xx_hal_uart.o
 .text.UART_SetConfig
                0x0000000008002838      0x328 build/stm32l4xx_hal_uart.o
                0x0000000008002838                UART_SetConfig
 .text.UART_AdvFeatureConfig
                0x0000000008002b60       0xca build/stm32l4xx_hal_uart.o
                0x0000000008002b60                UART_AdvFeatureConfig
 .text.UART_WaitOnFlagUntilTimeout
                0x0000000008002c2a       0xa2 build/stm32l4xx_hal_uart.o
                0x0000000008002c2a                UART_WaitOnFlagUntilTimeout
 .text.UART_CheckIdleState
                0x0000000008002ccc       0xc6 build/stm32l4xx_hal_uart.o
                0x0000000008002ccc                UART_CheckIdleState
 .text.HAL_UART_Init
                0x0000000008002d92       0x62 build/stm32l4xx_hal_uart.o
                0x0000000008002d92                HAL_UART_Init
 .text.HAL_PCD_Init
                0x0000000008002df4      0x106 build/stm32l4xx_hal_pcd.o
                0x0000000008002df4                HAL_PCD_Init
 .text.HAL_PCDEx_ActivateLPM
                0x0000000008002efa       0x26 build/stm32l4xx_hal_pcd_ex.o
                0x0000000008002efa                HAL_PCDEx_ActivateLPM
 .text.USB_CoreReset
                0x0000000008002f20       0x4a build/stm32l4xx_ll_usb.o
 .text.USB_CoreInit
                0x0000000008002f6a       0x3a build/stm32l4xx_ll_usb.o
                0x0000000008002f6a                USB_CoreInit
 .text.USB_DisableGlobalInt
                0x0000000008002fa4        0xc build/stm32l4xx_ll_usb.o
                0x0000000008002fa4                USB_DisableGlobalInt
 .text.USB_FlushTxFifo
                0x0000000008002fb0       0x4a build/stm32l4xx_ll_usb.o
                0x0000000008002fb0                USB_FlushTxFifo
 .text.USB_FlushRxFifo
                0x0000000008002ffa       0x46 build/stm32l4xx_ll_usb.o
                0x0000000008002ffa                USB_FlushRxFifo
 .text.USB_SetDevSpeed
                0x0000000008003040        0xe build/stm32l4xx_ll_usb.o
                0x0000000008003040                USB_SetDevSpeed
 *fill*         0x000000000800304e        0x2 
 .text.USB_DevInit
                0x0000000008003050      0x164 build/stm32l4xx_ll_usb.o
                0x0000000008003050                USB_DevInit
 .text.USB_DevDisconnect
                0x00000000080031b4       0x1c build/stm32l4xx_ll_usb.o
                0x00000000080031b4                USB_DevDisconnect
 .text.USB_GetMode
                0x00000000080031d0        0x8 build/stm32l4xx_ll_usb.o
                0x00000000080031d0                USB_GetMode
 .text.USB_SetCurrentMode
                0x00000000080031d8       0x62 build/stm32l4xx_ll_usb.o
                0x00000000080031d8                USB_SetCurrentMode
 *fill*         0x000000000800323a        0x2 
 .text.SystemInit
                0x000000000800323c       0x14 build/system_stm32l4xx.o
                0x000000000800323c                SystemInit
 .text.Reset_Handler
                0x0000000008003250       0x50 build/startup_stm32l475xx.o
                0x0000000008003250                Reset_Handler
 .text.Default_Handler
                0x00000000080032a0        0x2 build/startup_stm32l475xx.o
                0x00000000080032a0                RTC_Alarm_IRQHandler
                0x00000000080032a0                EXTI2_IRQHandler
                0x00000000080032a0                TIM8_TRG_COM_IRQHandler
                0x00000000080032a0                TIM8_CC_IRQHandler
                0x00000000080032a0                TIM1_CC_IRQHandler
                0x00000000080032a0                TSC_IRQHandler
                0x00000000080032a0                TAMP_STAMP_IRQHandler
                0x00000000080032a0                EXTI3_IRQHandler
                0x00000000080032a0                LPTIM2_IRQHandler
                0x00000000080032a0                DFSDM1_FLT1_IRQHandler
                0x00000000080032a0                I2C3_ER_IRQHandler
                0x00000000080032a0                DFSDM1_FLT2_IRQHandler
                0x00000000080032a0                EXTI0_IRQHandler
                0x00000000080032a0                I2C2_EV_IRQHandler
                0x00000000080032a0                CAN1_RX0_IRQHandler
                0x00000000080032a0                FPU_IRQHandler
                0x00000000080032a0                TIM1_UP_TIM16_IRQHandler
                0x00000000080032a0                ADC1_2_IRQHandler
                0x00000000080032a0                SPI1_IRQHandler
                0x00000000080032a0                TIM6_DAC_IRQHandler
                0x00000000080032a0                TIM8_UP_IRQHandler
                0x00000000080032a0                DMA2_Channel2_IRQHandler
                0x00000000080032a0                DMA1_Channel4_IRQHandler
                0x00000000080032a0                SAI2_IRQHandler
                0x00000000080032a0                DFSDM1_FLT3_IRQHandler
                0x00000000080032a0                USART3_IRQHandler
                0x00000000080032a0                DMA1_Channel7_IRQHandler
                0x00000000080032a0                CAN1_RX1_IRQHandler
                0x00000000080032a0                UART5_IRQHandler
                0x00000000080032a0                ADC3_IRQHandler
                0x00000000080032a0                TIM4_IRQHandler
                0x00000000080032a0                DMA2_Channel1_IRQHandler
                0x00000000080032a0                QUADSPI_IRQHandler
                0x00000000080032a0                I2C1_EV_IRQHandler
                0x00000000080032a0                DMA1_Channel6_IRQHandler
                0x00000000080032a0                UART4_IRQHandler
                0x00000000080032a0                DMA2_Channel4_IRQHandler
                0x00000000080032a0                TIM3_IRQHandler
                0x00000000080032a0                RCC_IRQHandler
                0x00000000080032a0                DMA1_Channel1_IRQHandler
                0x00000000080032a0                Default_Handler
                0x00000000080032a0                DMA2_Channel7_IRQHandler
                0x00000000080032a0                TIM7_IRQHandler
                0x00000000080032a0                SDMMC1_IRQHandler
                0x00000000080032a0                TIM5_IRQHandler
                0x00000000080032a0                I2C3_EV_IRQHandler
                0x00000000080032a0                RTC_WKUP_IRQHandler
                0x00000000080032a0                PVD_PVM_IRQHandler
                0x00000000080032a0                SPI2_IRQHandler
                0x00000000080032a0                CAN1_TX_IRQHandler
                0x00000000080032a0                DMA2_Channel5_IRQHandler
                0x00000000080032a0                DMA1_Channel5_IRQHandler
                0x00000000080032a0                EXTI4_IRQHandler
                0x00000000080032a0                RNG_IRQHandler
                0x00000000080032a0                TIM1_TRG_COM_TIM17_IRQHandler
                0x00000000080032a0                DMA1_Channel3_IRQHandler
                0x00000000080032a0                COMP_IRQHandler
                0x00000000080032a0                WWDG_IRQHandler
                0x00000000080032a0                LPUART1_IRQHandler
                0x00000000080032a0                DMA2_Channel6_IRQHandler
                0x00000000080032a0                TIM2_IRQHandler
                0x00000000080032a0                EXTI1_IRQHandler
                0x00000000080032a0                USART2_IRQHandler
                0x00000000080032a0                DFSDM1_FLT0_IRQHandler
                0x00000000080032a0                I2C2_ER_IRQHandler
                0x00000000080032a0                DMA1_Channel2_IRQHandler
                0x00000000080032a0                TIM8_BRK_IRQHandler
                0x00000000080032a0                CAN1_SCE_IRQHandler
                0x00000000080032a0                FLASH_IRQHandler
                0x00000000080032a0                USART1_IRQHandler
                0x00000000080032a0                OTG_FS_IRQHandler
                0x00000000080032a0                SPI3_IRQHandler
                0x00000000080032a0                I2C1_ER_IRQHandler
                0x00000000080032a0                FMC_IRQHandler
                0x00000000080032a0                SWPMI1_IRQHandler
                0x00000000080032a0                LPTIM1_IRQHandler
                0x00000000080032a0                SAI1_IRQHandler
                0x00000000080032a0                DMA2_Channel3_IRQHandler
                0x00000000080032a0                TIM1_BRK_TIM15_IRQHandler
 *fill*         0x00000000080032a2        0x2 
 .text.__libc_init_array
                0x00000000080032a4       0x48 /home/dev/gcc-arm-none-eabi-10.3-2021.10/bin/../lib/gcc/arm-none-eabi/10.3.1/../../../../arm-none-eabi/lib/thumb/v7e-m+fp/hard/libc_nano.a(lib_a-init.o)
                0x00000000080032a4                __libc_init_array
 .text.memset   0x00000000080032ec       0x10 /home/dev/gcc-arm-none-eabi-10.3-2021.10/bin/../lib/gcc/arm-none-eabi/10.3.1/../../../../arm-none-eabi/lib/thumb/v7e-m+fp/hard/libc_nano.a(lib_a-memset.o)
                0x00000000080032ec                memset
 *(.glue_7)
 .glue_7        0x00000000080032fc        0x0 linker stubs
 *(.glue_7t)
 .glue_7t       0x00000000080032fc        0x0 linker stubs
 *(.eh_frame)
 .eh_frame      0x00000000080032fc        0x0 /home/dev/gcc-arm-none-eabi-10.3-2021.10/bin/../lib/gcc/arm-none-eabi/10.3.1/thumb/v7e-m+fp/hard/crtbegin.o
 *(.init)
 .init          0x00000000080032fc        0x4 /home/dev/gcc-arm-none-eabi-10.3-2021.10/bin/../lib/gcc/arm-none-eabi/10.3.1/thumb/v7e-m+fp/hard/crti.o
                0x00000000080032fc                _init
 .init          0x0000000008003300        0x8 /home/dev/gcc-arm-none-eabi-10.3-2021.10/bin/../lib/gcc/arm-none-eabi/10.3.1/thumb/v7e-m+fp/hard/crtn.o
 *(.fini)
 .fini          0x0000000008003308        0x4 /home/dev/gcc-arm-none-eabi-10.3-2021.10/bin/../lib/gcc/arm-none-eabi/10.3.1/thumb/v7e-m+fp/hard/crti.o
                0x0000000008003308                _fini
 .fini          0x000000000800330c        0x8 /home/dev/gcc-arm-none-eabi-10.3-2021.10/bin/../lib/gcc/arm-none-eabi/10.3.1/thumb/v7e-m+fp/hard/crtn.o
                0x0000000008003318                . = ALIGN (0x8)
 *fill*         0x0000000008003314        0x4 
                0x0000000008003318                _etext = .

.vfp11_veneer   0x0000000008003318        0x0
 .vfp11_veneer  0x0000000008003318        0x0 linker stubs

.v4_bx          0x0000000008003318        0x0
 .v4_bx         0x0000000008003318        0x0 linker stubs

.iplt           0x0000000008003318        0x0
 .iplt          0x0000000008003318        0x0 /home/dev/gcc-arm-none-eabi-10.3-2021.10/bin/../lib/gcc/arm-none-eabi/10.3.1/thumb/v7e-m+fp/hard/crtbegin.o

.rodata         0x0000000008003318       0x48
                0x0000000008003318                . = ALIGN (0x8)
 *(.rodata)
 *(.rodata*)
 .rodata.AHBPrescTable
                0x0000000008003318       0x10 build/system_stm32l4xx.o
                0x0000000008003318                AHBPrescTable
 .rodata.APBPrescTable
                0x0000000008003328        0x8 build/system_stm32l4xx.o
                0x0000000008003328                APBPrescTable
 .rodata.MSIRangeTable
                0x0000000008003330       0x30 build/system_stm32l4xx.o
                0x0000000008003330                MSIRangeTable
                0x0000000008003360                . = ALIGN (0x8)

.ARM.extab      0x0000000008003360        0x0
                0x0000000008003360                . = ALIGN (0x8)
 *(.ARM.extab* .gnu.linkonce.armextab.*)
                0x0000000008003360                . = ALIGN (0x8)

.ARM            0x0000000008003360        0x8
                0x0000000008003360                . = ALIGN (0x8)
                0x0000000008003360                __exidx_start = .
 *(.ARM.exidx*)
 .ARM.exidx     0x0000000008003360        0x8 /home/dev/gcc-arm-none-eabi-10.3-2021.10/bin/../lib/gcc/arm-none-eabi/10.3.1/thumb/v7e-m+fp/hard/libgcc.a(_udivmoddi4.o)
                0x0000000008003368                __exidx_end = .
                0x0000000008003368                . = ALIGN (0x8)

.rel.dyn        0x0000000008003368        0x0
 .rel.iplt      0x0000000008003368        0x0 /home/dev/gcc-arm-none-eabi-10.3-2021.10/bin/../lib/gcc/arm-none-eabi/10.3.1/thumb/v7e-m+fp/hard/crtbegin.o

.preinit_array  0x0000000008003368        0x0
                0x0000000008003368                . = ALIGN (0x8)
                0x0000000008003368                PROVIDE (__preinit_array_start = .)
 *(.preinit_array*)
                0x0000000008003368                PROVIDE (__preinit_array_end = .)
                0x0000000008003368                . = ALIGN (0x8)

.init_array     0x0000000008003368        0x8
                0x0000000008003368                . = ALIGN (0x8)
                0x0000000008003368                PROVIDE (__init_array_start = .)
 *(SORT_BY_NAME(.init_array.*))
 *(.init_array*)
 .init_array    0x0000000008003368        0x4 /home/dev/gcc-arm-none-eabi-10.3-2021.10/bin/../lib/gcc/arm-none-eabi/10.3.1/thumb/v7e-m+fp/hard/crtbegin.o
                0x000000000800336c                PROVIDE (__init_array_end = .)
                0x0000000008003370                . = ALIGN (0x8)
 *fill*         0x000000000800336c        0x4 

.fini_array     0x0000000008003370        0x8
                0x0000000008003370                . = ALIGN (0x8)
                [!provide]                        PROVIDE (__fini_array_start = .)
 *(SORT_BY_NAME(.fini_array.*))
 *(.fini_array*)
 .fini_array    0x0000000008003370        0x4 /home/dev/gcc-arm-none-eabi-10.3-2021.10/bin/../lib/gcc/arm-none-eabi/10.3.1/thumb/v7e-m+fp/hard/crtbegin.o
                [!provide]                        PROVIDE (__fini_array_end = .)
                0x0000000008003378                . = ALIGN (0x8)
 *fill*         0x0000000008003374        0x4 
                0x0000000008003378                _sidata = LOADADDR (.data)

.data           0x0000000020000000       0x10 load address 0x0000000008003378
                0x0000000020000000                . = ALIGN (0x8)
                0x0000000020000000                _sdata = .
 *(.data)
 *(.data*)
 .data.uwTickFreq
                0x0000000020000000        0x1 build/stm32l4xx_hal.o
                0x0000000020000000                uwTickFreq
 *fill*         0x0000000020000001        0x3 
 .data.uwTickPrio
                0x0000000020000004        0x4 build/stm32l4xx_hal.o
                0x0000000020000004                uwTickPrio
 .data.SystemCoreClock
                0x0000000020000008        0x4 build/system_stm32l4xx.o
                0x0000000020000008                SystemCoreClock
                0x0000000020000010                . = ALIGN (0x8)
 *fill*         0x000000002000000c        0x4 
                0x0000000020000010                _edata = .

.igot.plt       0x0000000020000010        0x0 load address 0x0000000008003388
 .igot.plt      0x0000000020000010        0x0 /home/dev/gcc-arm-none-eabi-10.3-2021.10/bin/../lib/gcc/arm-none-eabi/10.3.1/thumb/v7e-m+fp/hard/crtbegin.o
                0x0000000020000010                . = ALIGN (0x4)

.bss            0x0000000020000010      0x770 load address 0x0000000008003388
                0x0000000020000010                _sbss = .
                0x0000000020000010                __bss_start__ = _sbss
 *(.bss)
 .bss           0x0000000020000010       0x1c /home/dev/gcc-arm-none-eabi-10.3-2021.10/bin/../lib/gcc/arm-none-eabi/10.3.1/thumb/v7e-m+fp/hard/crtbegin.o
 *(.bss*)
 .bss.hdfsdm1_channel1
                0x000000002000002c       0x38 build/main.o
                0x000000002000002c                hdfsdm1_channel1
 .bss.hi2c2     0x0000000020000064       0x54 build/main.o
                0x0000000020000064                hi2c2
 .bss.hpcd_USB_OTG_FS
                0x00000000200000b8      0x4e4 build/main.o
                0x00000000200000b8                hpcd_USB_OTG_FS
 .bss.hqspi     0x000000002000059c       0x44 build/main.o
                0x000000002000059c                hqspi
 .bss.hspi3     0x00000000200005e0       0x64 build/main.o
                0x00000000200005e0                hspi3
 .bss.huart1    0x0000000020000644       0x88 build/main.o
                0x0000000020000644                huart1
 .bss.huart3    0x00000000200006cc       0x88 build/main.o
                0x00000000200006cc                huart3
 .bss.DFSDM1_Init
                0x0000000020000754        0x4 build/stm32l4xx_hal_msp.o
 .bss.a_dfsdm1ChannelHandle
                0x0000000020000758       0x20 build/stm32l4xx_hal_dfsdm.o
 .bss.v_dfsdm1ChannelCounter
                0x0000000020000778        0x4 build/stm32l4xx_hal_dfsdm.o
 .bss.uwTick    0x000000002000077c        0x4 build/stm32l4xx_hal.o
                0x000000002000077c                uwTick
 *(COMMON)
                0x0000000020000780                . = ALIGN (0x4)
                0x0000000020000780                _ebss = .
                0x0000000020000780                __bss_end__ = _ebss

._user_heap_stack
                0x0000000020000780      0x600 load address 0x0000000008003388
                0x0000000020000780                . = ALIGN (0x8)
                [!provide]                        PROVIDE (end = .)
                0x0000000020000780                PROVIDE (_end = .)
                0x0000000020000980                . = (. + _Min_Heap_Size)
 *fill*         0x0000000020000780      0x200 
                0x0000000020000d80                . = (. + _Min_Stack_Size)
 *fill*         0x0000000020000980      0x400 
                0x0000000020000d80                . = ALIGN (0x8)

/DISCARD/
 libc.a(*)
 libm.a(*)
 libgcc.a(*)

.ARM.attributes
                0x0000000000000000       0x30
 *(.ARM.attributes)
 .ARM.attributes
                0x0000000000000000       0x1e /home/dev/gcc-arm-none-eabi-10.3-2021.10/bin/../lib/gcc/arm-none-eabi/10.3.1/thumb/v7e-m+fp/hard/crti.o
 .ARM.attributes
                0x000000000000001e       0x34 /home/dev/gcc-arm-none-eabi-10.3-2021.10/bin/../lib/gcc/arm-none-eabi/10.3.1/thumb/v7e-m+fp/hard/crtbegin.o
 .ARM.attributes
                0x0000000000000052       0x34 build/main.o
 .ARM.attributes
                0x0000000000000086       0x34 build/stm32l4xx_it.o
 .ARM.attributes
                0x00000000000000ba       0x34 build/stm32l4xx_hal_msp.o
 .ARM.attributes
                0x00000000000000ee       0x34 build/stm32l4xx_hal_dfsdm.o
 .ARM.attributes
                0x0000000000000122       0x34 build/stm32l4xx_hal.o
 .ARM.attributes
                0x0000000000000156       0x34 build/stm32l4xx_hal_rcc.o
 .ARM.attributes
                0x000000000000018a       0x34 build/stm32l4xx_hal_rcc_ex.o
 .ARM.attributes
                0x00000000000001be       0x34 build/stm32l4xx_hal_gpio.o
 .ARM.attributes
                0x00000000000001f2       0x34 build/stm32l4xx_hal_i2c.o
 .ARM.attributes
                0x0000000000000226       0x34 build/stm32l4xx_hal_i2c_ex.o
 .ARM.attributes
                0x000000000000025a       0x34 build/stm32l4xx_hal_pwr.o
 .ARM.attributes
                0x000000000000028e       0x34 build/stm32l4xx_hal_pwr_ex.o
 .ARM.attributes
                0x00000000000002c2       0x34 build/stm32l4xx_hal_cortex.o
 .ARM.attributes
                0x00000000000002f6       0x34 build/stm32l4xx_hal_qspi.o
 .ARM.attributes
                0x000000000000032a       0x34 build/stm32l4xx_hal_spi.o
 .ARM.attributes
                0x000000000000035e       0x34 build/stm32l4xx_hal_uart.o
 .ARM.attributes
                0x0000000000000392       0x34 build/stm32l4xx_hal_pcd.o
 .ARM.attributes
                0x00000000000003c6       0x34 build/stm32l4xx_hal_pcd_ex.o
 .ARM.attributes
                0x00000000000003fa       0x34 build/stm32l4xx_ll_usb.o
 .ARM.attributes
                0x000000000000042e       0x34 build/system_stm32l4xx.o
 .ARM.attributes
                0x0000000000000462       0x21 build/startup_stm32l475xx.o
 .ARM.attributes
                0x0000000000000483       0x34 /home/dev/gcc-arm-none-eabi-10.3-2021.10/bin/../lib/gcc/arm-none-eabi/10.3.1/../../../../arm-none-eabi/lib/thumb/v7e-m+fp/hard/libc_nano.a(lib_a-init.o)
 .ARM.attributes
                0x00000000000004b7       0x34 /home/dev/gcc-arm-none-eabi-10.3-2021.10/bin/../lib/gcc/arm-none-eabi/10.3.1/../../../../arm-none-eabi/lib/thumb/v7e-m+fp/hard/libc_nano.a(lib_a-memset.o)
 .ARM.attributes
                0x00000000000004eb       0x1e /home/dev/gcc-arm-none-eabi-10.3-2021.10/bin/../lib/gcc/arm-none-eabi/10.3.1/thumb/v7e-m+fp/hard/libgcc.a(_aeabi_uldivmod.o)
 .ARM.attributes
                0x0000000000000509       0x34 /home/dev/gcc-arm-none-eabi-10.3-2021.10/bin/../lib/gcc/arm-none-eabi/10.3.1/thumb/v7e-m+fp/hard/libgcc.a(_udivmoddi4.o)
 .ARM.attributes
                0x000000000000053d       0x1e /home/dev/gcc-arm-none-eabi-10.3-2021.10/bin/../lib/gcc/arm-none-eabi/10.3.1/thumb/v7e-m+fp/hard/libgcc.a(_dvmd_tls.o)
 .ARM.attributes
                0x000000000000055b       0x1e /home/dev/gcc-arm-none-eabi-10.3-2021.10/bin/../lib/gcc/arm-none-eabi/10.3.1/thumb/v7e-m+fp/hard/crtn.o
OUTPUT(build/myProject.elf elf32-littlearm)
LOAD linker stubs
LOAD /home/dev/gcc-arm-none-eabi-10.3-2021.10/bin/../lib/gcc/arm-none-eabi/10.3.1/../../../../arm-none-eabi/lib/thumb/v7e-m+fp/hard/libc.a
LOAD /home/dev/gcc-arm-none-eabi-10.3-2021.10/bin/../lib/gcc/arm-none-eabi/10.3.1/../../../../arm-none-eabi/lib/thumb/v7e-m+fp/hard/libm.a
LOAD /home/dev/gcc-arm-none-eabi-10.3-2021.10/bin/../lib/gcc/arm-none-eabi/10.3.1/thumb/v7e-m+fp/hard/libgcc.a

.debug_info     0x0000000000000000    0x209ca
 .debug_info    0x0000000000000000     0x28cf build/main.o
 .debug_info    0x00000000000028cf      0x26c build/stm32l4xx_it.o
 .debug_info    0x0000000000002b3b     0x26d7 build/stm32l4xx_hal_msp.o
 .debug_info    0x0000000000005212     0x2396 build/stm32l4xx_hal_dfsdm.o
 .debug_info    0x00000000000075a8      0xcda build/stm32l4xx_hal.o
 .debug_info    0x0000000000008282     0x108c build/stm32l4xx_hal_rcc.o
 .debug_info    0x000000000000930e     0x13d5 build/stm32l4xx_hal_rcc_ex.o
 .debug_info    0x000000000000a6e3      0x91b build/stm32l4xx_hal_gpio.o
 .debug_info    0x000000000000affe     0x4658 build/stm32l4xx_hal_i2c.o
 .debug_info    0x000000000000f656      0xb52 build/stm32l4xx_hal_i2c_ex.o
 .debug_info    0x00000000000101a8      0xaa6 build/stm32l4xx_hal_pwr.o
 .debug_info    0x0000000000010c4e      0xb9e build/stm32l4xx_hal_pwr_ex.o
 .debug_info    0x00000000000117ec     0x11af build/stm32l4xx_hal_cortex.o
 .debug_info    0x000000000001299b     0x19f0 build/stm32l4xx_hal_qspi.o
 .debug_info    0x000000000001438b     0x21f9 build/stm32l4xx_hal_spi.o
 .debug_info    0x0000000000016584     0x54da build/stm32l4xx_hal_uart.o
 .debug_info    0x000000000001ba5e     0x1c09 build/stm32l4xx_hal_pcd.o
 .debug_info    0x000000000001d667      0xb1e build/stm32l4xx_hal_pcd_ex.o
 .debug_info    0x000000000001e185     0x21b2 build/stm32l4xx_ll_usb.o
 .debug_info    0x0000000000020337      0x671 build/system_stm32l4xx.o
 .debug_info    0x00000000000209a8       0x22 build/startup_stm32l475xx.o

.debug_abbrev   0x0000000000000000     0x2ec5
 .debug_abbrev  0x0000000000000000      0x2a5 build/main.o
 .debug_abbrev  0x00000000000002a5       0xb4 build/stm32l4xx_it.o
 .debug_abbrev  0x0000000000000359      0x241 build/stm32l4xx_hal_msp.o
 .debug_abbrev  0x000000000000059a      0x292 build/stm32l4xx_hal_dfsdm.o
 .debug_abbrev  0x000000000000082c      0x249 build/stm32l4xx_hal.o
 .debug_abbrev  0x0000000000000a75      0x28e build/stm32l4xx_hal_rcc.o
 .debug_abbrev  0x0000000000000d03      0x2b0 build/stm32l4xx_hal_rcc_ex.o
 .debug_abbrev  0x0000000000000fb3      0x222 build/stm32l4xx_hal_gpio.o
 .debug_abbrev  0x00000000000011d5      0x2b0 build/stm32l4xx_hal_i2c.o
 .debug_abbrev  0x0000000000001485      0x1b5 build/stm32l4xx_hal_i2c_ex.o
 .debug_abbrev  0x000000000000163a      0x1a6 build/stm32l4xx_hal_pwr.o
 .debug_abbrev  0x00000000000017e0      0x234 build/stm32l4xx_hal_pwr_ex.o
 .debug_abbrev  0x0000000000001a14      0x379 build/stm32l4xx_hal_cortex.o
 .debug_abbrev  0x0000000000001d8d      0x264 build/stm32l4xx_hal_qspi.o
 .debug_abbrev  0x0000000000001ff1      0x270 build/stm32l4xx_hal_spi.o
 .debug_abbrev  0x0000000000002261      0x316 build/stm32l4xx_hal_uart.o
 .debug_abbrev  0x0000000000002577      0x2b5 build/stm32l4xx_hal_pcd.o
 .debug_abbrev  0x000000000000282c      0x26c build/stm32l4xx_hal_pcd_ex.o
 .debug_abbrev  0x0000000000002a98      0x300 build/stm32l4xx_ll_usb.o
 .debug_abbrev  0x0000000000002d98      0x11b build/system_stm32l4xx.o
 .debug_abbrev  0x0000000000002eb3       0x12 build/startup_stm32l475xx.o

.debug_loc      0x0000000000000000    0x1a00a
 .debug_loc     0x0000000000000000      0x17f build/main.o
 .debug_loc     0x000000000000017f       0x60 build/stm32l4xx_it.o
 .debug_loc     0x00000000000001df      0x5b2 build/stm32l4xx_hal_msp.o
 .debug_loc     0x0000000000000791     0x25e5 build/stm32l4xx_hal_dfsdm.o
 .debug_loc     0x0000000000002d76      0x2af build/stm32l4xx_hal.o
 .debug_loc     0x0000000000003025      0x9ac build/stm32l4xx_hal_rcc.o
 .debug_loc     0x00000000000039d1     0x1cf1 build/stm32l4xx_hal_rcc_ex.o
 .debug_loc     0x00000000000056c2      0x496 build/stm32l4xx_hal_gpio.o
 .debug_loc     0x0000000000005b58     0x5da7 build/stm32l4xx_hal_i2c.o
 .debug_loc     0x000000000000b8ff      0x25a build/stm32l4xx_hal_i2c_ex.o
 .debug_loc     0x000000000000bb59      0x1f1 build/stm32l4xx_hal_pwr.o
 .debug_loc     0x000000000000bd4a      0xb66 build/stm32l4xx_hal_pwr_ex.o
 .debug_loc     0x000000000000c8b0      0x7a4 build/stm32l4xx_hal_cortex.o
 .debug_loc     0x000000000000d054     0x192a build/stm32l4xx_hal_qspi.o
 .debug_loc     0x000000000000e97e     0x2596 build/stm32l4xx_hal_spi.o
 .debug_loc     0x0000000000010f14     0x5189 build/stm32l4xx_hal_uart.o
 .debug_loc     0x000000000001609d     0x1498 build/stm32l4xx_hal_pcd.o
 .debug_loc     0x0000000000017535      0x28e build/stm32l4xx_hal_pcd_ex.o
 .debug_loc     0x00000000000177c3     0x2720 build/stm32l4xx_ll_usb.o
 .debug_loc     0x0000000000019ee3      0x127 build/system_stm32l4xx.o

.debug_aranges  0x0000000000000000     0x14f0
 .debug_aranges
                0x0000000000000000       0x70 build/main.o
 .debug_aranges
                0x0000000000000070       0x70 build/stm32l4xx_it.o
 .debug_aranges
                0x00000000000000e0       0x80 build/stm32l4xx_hal_msp.o
 .debug_aranges
                0x0000000000000160      0x248 build/stm32l4xx_hal_dfsdm.o
 .debug_aranges
                0x00000000000003a8      0x130 build/stm32l4xx_hal.o
 .debug_aranges
                0x00000000000004d8       0x90 build/stm32l4xx_hal_rcc.o
 .debug_aranges
                0x0000000000000568       0xc0 build/stm32l4xx_hal_rcc_ex.o
 .debug_aranges
                0x0000000000000628       0x58 build/stm32l4xx_hal_gpio.o
 .debug_aranges
                0x0000000000000680      0x2a0 build/stm32l4xx_hal_i2c.o
 .debug_aranges
                0x0000000000000920       0x48 build/stm32l4xx_hal_i2c_ex.o
 .debug_aranges
                0x0000000000000968       0x98 build/stm32l4xx_hal_pwr.o
 .debug_aranges
                0x0000000000000a00      0x150 build/stm32l4xx_hal_pwr_ex.o
 .debug_aranges
                0x0000000000000b50       0xb8 build/stm32l4xx_hal_cortex.o
 .debug_aranges
                0x0000000000000c08      0x160 build/stm32l4xx_hal_qspi.o
 .debug_aranges
                0x0000000000000d68      0x1d8 build/stm32l4xx_hal_spi.o
 .debug_aranges
                0x0000000000000f40      0x228 build/stm32l4xx_hal_uart.o
 .debug_aranges
                0x0000000000001168      0x138 build/stm32l4xx_hal_pcd.o
 .debug_aranges
                0x00000000000012a0       0x60 build/stm32l4xx_hal_pcd_ex.o
 .debug_aranges
                0x0000000000001300      0x1a0 build/stm32l4xx_ll_usb.o
 .debug_aranges
                0x00000000000014a0       0x28 build/system_stm32l4xx.o
 .debug_aranges
                0x00000000000014c8       0x28 build/startup_stm32l475xx.o

.debug_ranges   0x0000000000000000     0x1470
 .debug_ranges  0x0000000000000000       0x60 build/main.o
 .debug_ranges  0x0000000000000060       0x60 build/stm32l4xx_it.o
 .debug_ranges  0x00000000000000c0       0x70 build/stm32l4xx_hal_msp.o
 .debug_ranges  0x0000000000000130      0x258 build/stm32l4xx_hal_dfsdm.o
 .debug_ranges  0x0000000000000388      0x120 build/stm32l4xx_hal.o
 .debug_ranges  0x00000000000004a8       0x98 build/stm32l4xx_hal_rcc.o
 .debug_ranges  0x0000000000000540       0xc8 build/stm32l4xx_hal_rcc_ex.o
 .debug_ranges  0x0000000000000608       0x48 build/stm32l4xx_hal_gpio.o
 .debug_ranges  0x0000000000000650      0x290 build/stm32l4xx_hal_i2c.o
 .debug_ranges  0x00000000000008e0       0x38 build/stm32l4xx_hal_i2c_ex.o
 .debug_ranges  0x0000000000000918       0x88 build/stm32l4xx_hal_pwr.o
 .debug_ranges  0x00000000000009a0      0x140 build/stm32l4xx_hal_pwr_ex.o
 .debug_ranges  0x0000000000000ae0      0x108 build/stm32l4xx_hal_cortex.o
 .debug_ranges  0x0000000000000be8      0x150 build/stm32l4xx_hal_qspi.o
 .debug_ranges  0x0000000000000d38      0x1c8 build/stm32l4xx_hal_spi.o
 .debug_ranges  0x0000000000000f00      0x230 build/stm32l4xx_hal_uart.o
 .debug_ranges  0x0000000000001130      0x128 build/stm32l4xx_hal_pcd.o
 .debug_ranges  0x0000000000001258       0x50 build/stm32l4xx_hal_pcd_ex.o
 .debug_ranges  0x00000000000012a8      0x190 build/stm32l4xx_ll_usb.o
 .debug_ranges  0x0000000000001438       0x18 build/system_stm32l4xx.o
 .debug_ranges  0x0000000000001450       0x20 build/startup_stm32l475xx.o

.debug_line     0x0000000000000000    0x199df
 .debug_line    0x0000000000000000      0xa71 build/main.o
 .debug_line    0x0000000000000a71      0x275 build/stm32l4xx_it.o
 .debug_line    0x0000000000000ce6      0x7d6 build/stm32l4xx_hal_msp.o
 .debug_line    0x00000000000014bc     0x1ec0 build/stm32l4xx_hal_dfsdm.o
 .debug_line    0x000000000000337c      0x67e build/stm32l4xx_hal.o
 .debug_line    0x00000000000039fa      0xedf build/stm32l4xx_hal_rcc.o
 .debug_line    0x00000000000048d9     0x1514 build/stm32l4xx_hal_rcc_ex.o
 .debug_line    0x0000000000005ded      0x6b2 build/stm32l4xx_hal_gpio.o
 .debug_line    0x000000000000649f     0x524f build/stm32l4xx_hal_i2c.o
 .debug_line    0x000000000000b6ee      0x4a1 build/stm32l4xx_hal_i2c_ex.o
 .debug_line    0x000000000000bb8f      0x400 build/stm32l4xx_hal_pwr.o
 .debug_line    0x000000000000bf8f      0xa90 build/stm32l4xx_hal_pwr_ex.o
 .debug_line    0x000000000000ca1f      0x774 build/stm32l4xx_hal_cortex.o
 .debug_line    0x000000000000d193     0x15b7 build/stm32l4xx_hal_qspi.o
 .debug_line    0x000000000000e74a     0x2a81 build/stm32l4xx_hal_spi.o
 .debug_line    0x00000000000111cb     0x51cc build/stm32l4xx_hal_uart.o
 .debug_line    0x0000000000016397     0x1382 build/stm32l4xx_hal_pcd.o
 .debug_line    0x0000000000017719      0x47b build/stm32l4xx_hal_pcd_ex.o
 .debug_line    0x0000000000017b94     0x1b57 build/stm32l4xx_ll_usb.o
 .debug_line    0x00000000000196eb      0x27e build/system_stm32l4xx.o
 .debug_line    0x0000000000019969       0x76 build/startup_stm32l475xx.o

.debug_str      0x0000000000000000     0x6a4d
 .debug_str     0x0000000000000000     0x1a44 build/main.o
                                       0x1bed (size before relaxing)
 .debug_str     0x0000000000001a44       0xf5 build/stm32l4xx_it.o
                                        0x263 (size before relaxing)
 .debug_str     0x0000000000001b39      0x40c build/stm32l4xx_hal_msp.o
                                       0x1791 (size before relaxing)
 .debug_str     0x0000000000001f45      0xbb4 build/stm32l4xx_hal_dfsdm.o
                                       0x123e (size before relaxing)
 .debug_str     0x0000000000002af9      0x47f build/stm32l4xx_hal.o
                                        0xcc4 (size before relaxing)
 .debug_str     0x0000000000002f78      0x317 build/stm32l4xx_hal_rcc.o
                                        0x87b (size before relaxing)
 .debug_str     0x000000000000328f      0x307 build/stm32l4xx_hal_rcc_ex.o
                                        0xa9a (size before relaxing)
 .debug_str     0x0000000000003596       0xbc build/stm32l4xx_hal_gpio.o
                                        0x51f (size before relaxing)
 .debug_str     0x0000000000003652      0x8c3 build/stm32l4xx_hal_i2c.o
                                        0xfb8 (size before relaxing)
 .debug_str     0x0000000000003f15       0xb5 build/stm32l4xx_hal_i2c_ex.o
                                        0x8c5 (size before relaxing)
 .debug_str     0x0000000000003fca      0x292 build/stm32l4xx_hal_pwr.o
                                        0x68d (size before relaxing)
 .debug_str     0x000000000000425c      0x3e8 build/stm32l4xx_hal_pwr_ex.o
                                        0x7f3 (size before relaxing)
 .debug_str     0x0000000000004644      0x466 build/stm32l4xx_hal_cortex.o
                                        0xc28 (size before relaxing)
 .debug_str     0x0000000000004aaa      0x4c7 build/stm32l4xx_hal_qspi.o
                                        0xb18 (size before relaxing)
 .debug_str     0x0000000000004f71      0x50d build/stm32l4xx_hal_spi.o
                                        0xbba (size before relaxing)
 .debug_str     0x000000000000547e      0x7a0 build/stm32l4xx_hal_uart.o
                                        0xff3 (size before relaxing)
 .debug_str     0x0000000000005c1e      0x79d build/stm32l4xx_hal_pcd.o
                                        0xdc8 (size before relaxing)
 .debug_str     0x00000000000063bb      0x1ac build/stm32l4xx_hal_pcd_ex.o
                                        0x807 (size before relaxing)
 .debug_str     0x0000000000006567      0x485 build/stm32l4xx_ll_usb.o
                                        0xd11 (size before relaxing)
 .debug_str     0x00000000000069ec       0x3d build/system_stm32l4xx.o
                                        0x3b8 (size before relaxing)
 .debug_str     0x0000000000006a29       0x24 build/startup_stm32l475xx.o
                                         0x49 (size before relaxing)

.comment        0x0000000000000000       0x49
 .comment       0x0000000000000000       0x49 build/main.o
                                         0x4a (size before relaxing)
 .comment       0x0000000000000049       0x4a build/stm32l4xx_it.o
 .comment       0x0000000000000049       0x4a build/stm32l4xx_hal_msp.o
 .comment       0x0000000000000049       0x4a build/stm32l4xx_hal_dfsdm.o
 .comment       0x0000000000000049       0x4a build/stm32l4xx_hal.o
 .comment       0x0000000000000049       0x4a build/stm32l4xx_hal_rcc.o
 .comment       0x0000000000000049       0x4a build/stm32l4xx_hal_rcc_ex.o
 .comment       0x0000000000000049       0x4a build/stm32l4xx_hal_gpio.o
 .comment       0x0000000000000049       0x4a build/stm32l4xx_hal_i2c.o
 .comment       0x0000000000000049       0x4a build/stm32l4xx_hal_i2c_ex.o
 .comment       0x0000000000000049       0x4a build/stm32l4xx_hal_pwr.o
 .comment       0x0000000000000049       0x4a build/stm32l4xx_hal_pwr_ex.o
 .comment       0x0000000000000049       0x4a build/stm32l4xx_hal_cortex.o
 .comment       0x0000000000000049       0x4a build/stm32l4xx_hal_qspi.o
 .comment       0x0000000000000049       0x4a build/stm32l4xx_hal_spi.o
 .comment       0x0000000000000049       0x4a build/stm32l4xx_hal_uart.o
 .comment       0x0000000000000049       0x4a build/stm32l4xx_hal_pcd.o
 .comment       0x0000000000000049       0x4a build/stm32l4xx_hal_pcd_ex.o
 .comment       0x0000000000000049       0x4a build/stm32l4xx_ll_usb.o
 .comment       0x0000000000000049       0x4a build/system_stm32l4xx.o

.debug_frame    0x0000000000000000     0x3924
 .debug_frame   0x0000000000000000      0x130 build/main.o
 .debug_frame   0x0000000000000130       0xd8 build/stm32l4xx_it.o
 .debug_frame   0x0000000000000208      0x18c build/stm32l4xx_hal_msp.o
 .debug_frame   0x0000000000000394      0x620 build/stm32l4xx_hal_dfsdm.o
 .debug_frame   0x00000000000009b4      0x274 build/stm32l4xx_hal.o
 .debug_frame   0x0000000000000c28      0x19c build/stm32l4xx_hal_rcc.o
 .debug_frame   0x0000000000000dc4      0x204 build/stm32l4xx_hal_rcc_ex.o
 .debug_frame   0x0000000000000fc8       0xd0 build/stm32l4xx_hal_gpio.o
 .debug_frame   0x0000000000001098      0x970 build/stm32l4xx_hal_i2c.o
 .debug_frame   0x0000000000001a08       0x80 build/stm32l4xx_hal_i2c_ex.o
 .debug_frame   0x0000000000001a88      0x120 build/stm32l4xx_hal_pwr.o
 .debug_frame   0x0000000000001ba8      0x298 build/stm32l4xx_hal_pwr_ex.o
 .debug_frame   0x0000000000001e40      0x168 build/stm32l4xx_hal_cortex.o
 .debug_frame   0x0000000000001fa8      0x40c build/stm32l4xx_hal_qspi.o
 .debug_frame   0x00000000000023b4      0x5f8 build/stm32l4xx_hal_spi.o
 .debug_frame   0x00000000000029ac      0x600 build/stm32l4xx_hal_uart.o
 .debug_frame   0x0000000000002fac      0x35c build/stm32l4xx_hal_pcd.o
 .debug_frame   0x0000000000003308       0xb8 build/stm32l4xx_hal_pcd_ex.o
 .debug_frame   0x00000000000033c0      0x488 build/stm32l4xx_ll_usb.o
 .debug_frame   0x0000000000003848       0x30 build/system_stm32l4xx.o
 .debug_frame   0x0000000000003878       0x2c /home/dev/gcc-arm-none-eabi-10.3-2021.10/bin/../lib/gcc/arm-none-eabi/10.3.1/../../../../arm-none-eabi/lib/thumb/v7e-m+fp/hard/libc_nano.a(lib_a-init.o)
 .debug_frame   0x00000000000038a4       0x20 /home/dev/gcc-arm-none-eabi-10.3-2021.10/bin/../lib/gcc/arm-none-eabi/10.3.1/../../../../arm-none-eabi/lib/thumb/v7e-m+fp/hard/libc_nano.a(lib_a-memset.o)
 .debug_frame   0x00000000000038c4       0x2c /home/dev/gcc-arm-none-eabi-10.3-2021.10/bin/../lib/gcc/arm-none-eabi/10.3.1/thumb/v7e-m+fp/hard/libgcc.a(_aeabi_uldivmod.o)
 .debug_frame   0x00000000000038f0       0x34 /home/dev/gcc-arm-none-eabi-10.3-2021.10/bin/../lib/gcc/arm-none-eabi/10.3.1/thumb/v7e-m+fp/hard/libgcc.a(_udivmoddi4.o)

Cross Reference Table

Symbol                                            File
ADC1_2_IRQHandler                                 build/startup_stm32l475xx.o
ADC3_IRQHandler                                   build/startup_stm32l475xx.o
AHBPrescTable                                     build/system_stm32l4xx.o
                                                  build/stm32l4xx_hal_rcc.o
APBPrescTable                                     build/system_stm32l4xx.o
                                                  build/stm32l4xx_hal_rcc.o
BusFault_Handler                                  build/stm32l4xx_it.o
CAN1_RX0_IRQHandler                               build/startup_stm32l475xx.o
CAN1_RX1_IRQHandler                               build/startup_stm32l475xx.o
CAN1_SCE_IRQHandler                               build/startup_stm32l475xx.o
CAN1_TX_IRQHandler                                build/startup_stm32l475xx.o
COMP_IRQHandler                                   build/startup_stm32l475xx.o
DFSDM1_FLT0_IRQHandler                            build/startup_stm32l475xx.o
DFSDM1_FLT1_IRQHandler                            build/startup_stm32l475xx.o
DFSDM1_FLT2_IRQHandler                            build/startup_stm32l475xx.o
DFSDM1_FLT3_IRQHandler                            build/startup_stm32l475xx.o
DMA1_Channel1_IRQHandler                          build/startup_stm32l475xx.o
DMA1_Channel2_IRQHandler                          build/startup_stm32l475xx.o
DMA1_Channel3_IRQHandler                          build/startup_stm32l475xx.o
DMA1_Channel4_IRQHandler                          build/startup_stm32l475xx.o
DMA1_Channel5_IRQHandler                          build/startup_stm32l475xx.o
DMA1_Channel6_IRQHandler                          build/startup_stm32l475xx.o
DMA1_Channel7_IRQHandler                          build/startup_stm32l475xx.o
DMA2_Channel1_IRQHandler                          build/startup_stm32l475xx.o
DMA2_Channel2_IRQHandler                          build/startup_stm32l475xx.o
DMA2_Channel3_IRQHandler                          build/startup_stm32l475xx.o
DMA2_Channel4_IRQHandler                          build/startup_stm32l475xx.o
DMA2_Channel5_IRQHandler                          build/startup_stm32l475xx.o
DMA2_Channel6_IRQHandler                          build/startup_stm32l475xx.o
DMA2_Channel7_IRQHandler                          build/startup_stm32l475xx.o
DebugMon_Handler                                  build/stm32l4xx_it.o
Default_Handler                                   build/startup_stm32l475xx.o
EXTI0_IRQHandler                                  build/startup_stm32l475xx.o
EXTI15_10_IRQHandler                              build/stm32l4xx_it.o
EXTI1_IRQHandler                                  build/startup_stm32l475xx.o
EXTI2_IRQHandler                                  build/startup_stm32l475xx.o
EXTI3_IRQHandler                                  build/startup_stm32l475xx.o
EXTI4_IRQHandler                                  build/startup_stm32l475xx.o
EXTI9_5_IRQHandler                                build/stm32l4xx_it.o
Error_Handler                                     build/main.o
                                                  build/stm32l4xx_hal_msp.o
FLASH_FlushCaches                                 build/stm32l4xx_hal_flash_ex.o
                                                  build/stm32l4xx_hal_flash.o
FLASH_IRQHandler                                  build/startup_stm32l475xx.o
FLASH_PageErase                                   build/stm32l4xx_hal_flash_ex.o
                                                  build/stm32l4xx_hal_flash.o
FLASH_WaitForLastOperation                        build/stm32l4xx_hal_flash.o
                                                  build/stm32l4xx_hal_flash_ex.o
FMC_IRQHandler                                    build/startup_stm32l475xx.o
FPU_IRQHandler                                    build/startup_stm32l475xx.o
HAL_DBGMCU_DisableDBGSleepMode                    build/stm32l4xx_hal.o
HAL_DBGMCU_DisableDBGStandbyMode                  build/stm32l4xx_hal.o
HAL_DBGMCU_DisableDBGStopMode                     build/stm32l4xx_hal.o
HAL_DBGMCU_EnableDBGSleepMode                     build/stm32l4xx_hal.o
HAL_DBGMCU_EnableDBGStandbyMode                   build/stm32l4xx_hal.o
HAL_DBGMCU_EnableDBGStopMode                      build/stm32l4xx_hal.o
HAL_DFSDM_ChannelCkabCallback                     build/stm32l4xx_hal_dfsdm.o
HAL_DFSDM_ChannelCkabStart                        build/stm32l4xx_hal_dfsdm.o
HAL_DFSDM_ChannelCkabStart_IT                     build/stm32l4xx_hal_dfsdm.o
HAL_DFSDM_ChannelCkabStop                         build/stm32l4xx_hal_dfsdm.o
HAL_DFSDM_ChannelCkabStop_IT                      build/stm32l4xx_hal_dfsdm.o
HAL_DFSDM_ChannelDeInit                           build/stm32l4xx_hal_dfsdm.o
HAL_DFSDM_ChannelGetAwdValue                      build/stm32l4xx_hal_dfsdm.o
HAL_DFSDM_ChannelGetState                         build/stm32l4xx_hal_dfsdm.o
HAL_DFSDM_ChannelInit                             build/stm32l4xx_hal_dfsdm.o
                                                  build/main.o
HAL_DFSDM_ChannelModifyOffset                     build/stm32l4xx_hal_dfsdm.o
HAL_DFSDM_ChannelMspDeInit                        build/stm32l4xx_hal_msp.o
HAL_DFSDM_ChannelMspInit                          build/stm32l4xx_hal_msp.o
HAL_DFSDM_ChannelPollForCkab                      build/stm32l4xx_hal_dfsdm.o
HAL_DFSDM_ChannelPollForScd                       build/stm32l4xx_hal_dfsdm.o
HAL_DFSDM_ChannelScdCallback                      build/stm32l4xx_hal_dfsdm.o
HAL_DFSDM_ChannelScdStart                         build/stm32l4xx_hal_dfsdm.o
HAL_DFSDM_ChannelScdStart_IT                      build/stm32l4xx_hal_dfsdm.o
HAL_DFSDM_ChannelScdStop                          build/stm32l4xx_hal_dfsdm.o
HAL_DFSDM_ChannelScdStop_IT                       build/stm32l4xx_hal_dfsdm.o
HAL_DFSDM_FilterAwdCallback                       build/stm32l4xx_hal_dfsdm.o
HAL_DFSDM_FilterAwdStart_IT                       build/stm32l4xx_hal_dfsdm.o
HAL_DFSDM_FilterAwdStop_IT                        build/stm32l4xx_hal_dfsdm.o
HAL_DFSDM_FilterConfigInjChannel                  build/stm32l4xx_hal_dfsdm.o
HAL_DFSDM_FilterConfigRegChannel                  build/stm32l4xx_hal_dfsdm.o
HAL_DFSDM_FilterDeInit                            build/stm32l4xx_hal_dfsdm.o
HAL_DFSDM_FilterErrorCallback                     build/stm32l4xx_hal_dfsdm.o
HAL_DFSDM_FilterExdStart                          build/stm32l4xx_hal_dfsdm.o
HAL_DFSDM_FilterExdStop                           build/stm32l4xx_hal_dfsdm.o
HAL_DFSDM_FilterGetConvTimeValue                  build/stm32l4xx_hal_dfsdm.o
HAL_DFSDM_FilterGetError                          build/stm32l4xx_hal_dfsdm.o
HAL_DFSDM_FilterGetExdMaxValue                    build/stm32l4xx_hal_dfsdm.o
HAL_DFSDM_FilterGetExdMinValue                    build/stm32l4xx_hal_dfsdm.o
HAL_DFSDM_FilterGetInjectedValue                  build/stm32l4xx_hal_dfsdm.o
HAL_DFSDM_FilterGetRegularValue                   build/stm32l4xx_hal_dfsdm.o
HAL_DFSDM_FilterGetState                          build/stm32l4xx_hal_dfsdm.o
HAL_DFSDM_FilterInit                              build/stm32l4xx_hal_dfsdm.o
HAL_DFSDM_FilterInjConvCpltCallback               build/stm32l4xx_hal_dfsdm.o
HAL_DFSDM_FilterInjConvHalfCpltCallback           build/stm32l4xx_hal_dfsdm.o
HAL_DFSDM_FilterInjectedMsbStart_DMA              build/stm32l4xx_hal_dfsdm.o
HAL_DFSDM_FilterInjectedStart                     build/stm32l4xx_hal_dfsdm.o
HAL_DFSDM_FilterInjectedStart_DMA                 build/stm32l4xx_hal_dfsdm.o
HAL_DFSDM_FilterInjectedStart_IT                  build/stm32l4xx_hal_dfsdm.o
HAL_DFSDM_FilterInjectedStop                      build/stm32l4xx_hal_dfsdm.o
HAL_DFSDM_FilterInjectedStop_DMA                  build/stm32l4xx_hal_dfsdm.o
HAL_DFSDM_FilterInjectedStop_IT                   build/stm32l4xx_hal_dfsdm.o
HAL_DFSDM_FilterMspDeInit                         build/stm32l4xx_hal_dfsdm.o
HAL_DFSDM_FilterMspInit                           build/stm32l4xx_hal_dfsdm.o
HAL_DFSDM_FilterPollForInjConversion              build/stm32l4xx_hal_dfsdm.o
HAL_DFSDM_FilterPollForRegConversion              build/stm32l4xx_hal_dfsdm.o
HAL_DFSDM_FilterRegConvCpltCallback               build/stm32l4xx_hal_dfsdm.o
HAL_DFSDM_FilterRegConvHalfCpltCallback           build/stm32l4xx_hal_dfsdm.o
HAL_DFSDM_FilterRegularMsbStart_DMA               build/stm32l4xx_hal_dfsdm.o
HAL_DFSDM_FilterRegularStart                      build/stm32l4xx_hal_dfsdm.o
HAL_DFSDM_FilterRegularStart_DMA                  build/stm32l4xx_hal_dfsdm.o
HAL_DFSDM_FilterRegularStart_IT                   build/stm32l4xx_hal_dfsdm.o
HAL_DFSDM_FilterRegularStop                       build/stm32l4xx_hal_dfsdm.o
HAL_DFSDM_FilterRegularStop_DMA                   build/stm32l4xx_hal_dfsdm.o
HAL_DFSDM_FilterRegularStop_IT                    build/stm32l4xx_hal_dfsdm.o
HAL_DFSDM_IRQHandler                              build/stm32l4xx_hal_dfsdm.o
HAL_DMA_Abort                                     build/stm32l4xx_hal_dma.o
                                                  build/stm32l4xx_hal_uart.o
                                                  build/stm32l4xx_hal_spi.o
                                                  build/stm32l4xx_hal_qspi.o
                                                  build/stm32l4xx_hal_dfsdm.o
HAL_DMA_Abort_IT                                  build/stm32l4xx_hal_dma.o
                                                  build/stm32l4xx_hal_uart.o
                                                  build/stm32l4xx_hal_spi.o
                                                  build/stm32l4xx_hal_qspi.o
                                                  build/stm32l4xx_hal_i2c.o
HAL_DMA_DeInit                                    build/stm32l4xx_hal_dma.o
HAL_DMA_GetError                                  build/stm32l4xx_hal_dma.o
                                                  build/stm32l4xx_hal_uart.o
HAL_DMA_GetState                                  build/stm32l4xx_hal_dma.o
                                                  build/stm32l4xx_hal_i2c.o
HAL_DMA_IRQHandler                                build/stm32l4xx_hal_dma.o
HAL_DMA_Init                                      build/stm32l4xx_hal_dma.o
HAL_DMA_PollForTransfer                           build/stm32l4xx_hal_dma.o
HAL_DMA_RegisterCallback                          build/stm32l4xx_hal_dma.o
HAL_DMA_Start                                     build/stm32l4xx_hal_dma.o
HAL_DMA_Start_IT                                  build/stm32l4xx_hal_dma.o
                                                  build/stm32l4xx_hal_uart.o
                                                  build/stm32l4xx_hal_spi.o
                                                  build/stm32l4xx_hal_qspi.o
                                                  build/stm32l4xx_hal_i2c.o
                                                  build/stm32l4xx_hal_dfsdm.o
HAL_DMA_UnRegisterCallback                        build/stm32l4xx_hal_dma.o
HAL_DeInit                                        build/stm32l4xx_hal.o
HAL_Delay                                         build/stm32l4xx_hal.o
                                                  build/stm32l4xx_ll_usb.o
                                                  build/stm32l4xx_hal_pcd_ex.o
HAL_EXTI_ClearConfigLine                          build/stm32l4xx_hal_exti.o
HAL_EXTI_ClearPending                             build/stm32l4xx_hal_exti.o
HAL_EXTI_GenerateSWI                              build/stm32l4xx_hal_exti.o
HAL_EXTI_GetConfigLine                            build/stm32l4xx_hal_exti.o
HAL_EXTI_GetHandle                                build/stm32l4xx_hal_exti.o
HAL_EXTI_GetPending                               build/stm32l4xx_hal_exti.o
HAL_EXTI_IRQHandler                               build/stm32l4xx_hal_exti.o
HAL_EXTI_RegisterCallback                         build/stm32l4xx_hal_exti.o
HAL_EXTI_SetConfigLine                            build/stm32l4xx_hal_exti.o
HAL_FLASHEx_DisableRunPowerDown                   build/stm32l4xx_hal_flash_ramfunc.o
HAL_FLASHEx_EnableRunPowerDown                    build/stm32l4xx_hal_flash_ramfunc.o
HAL_FLASHEx_Erase                                 build/stm32l4xx_hal_flash_ex.o
HAL_FLASHEx_Erase_IT                              build/stm32l4xx_hal_flash_ex.o
HAL_FLASHEx_OBGetConfig                           build/stm32l4xx_hal_flash_ex.o
HAL_FLASHEx_OBProgram                             build/stm32l4xx_hal_flash_ex.o
HAL_FLASH_EndOfOperationCallback                  build/stm32l4xx_hal_flash.o
HAL_FLASH_GetError                                build/stm32l4xx_hal_flash.o
HAL_FLASH_IRQHandler                              build/stm32l4xx_hal_flash.o
HAL_FLASH_Lock                                    build/stm32l4xx_hal_flash.o
HAL_FLASH_OB_Launch                               build/stm32l4xx_hal_flash.o
HAL_FLASH_OB_Lock                                 build/stm32l4xx_hal_flash.o
HAL_FLASH_OB_Unlock                               build/stm32l4xx_hal_flash.o
HAL_FLASH_OperationErrorCallback                  build/stm32l4xx_hal_flash.o
HAL_FLASH_Program                                 build/stm32l4xx_hal_flash.o
HAL_FLASH_Program_IT                              build/stm32l4xx_hal_flash.o
HAL_FLASH_Unlock                                  build/stm32l4xx_hal_flash.o
HAL_GPIO_DeInit                                   build/stm32l4xx_hal_gpio.o
                                                  build/stm32l4xx_hal_msp.o
HAL_GPIO_EXTI_Callback                            build/stm32l4xx_hal_gpio.o
HAL_GPIO_EXTI_IRQHandler                          build/stm32l4xx_hal_gpio.o
                                                  build/stm32l4xx_it.o
HAL_GPIO_Init                                     build/stm32l4xx_hal_gpio.o
                                                  build/stm32l4xx_hal_rcc_ex.o
                                                  build/stm32l4xx_hal_rcc.o
                                                  build/stm32l4xx_hal_msp.o
                                                  build/main.o
HAL_GPIO_LockPin                                  build/stm32l4xx_hal_gpio.o
HAL_GPIO_ReadPin                                  build/stm32l4xx_hal_gpio.o
HAL_GPIO_TogglePin                                build/stm32l4xx_hal_gpio.o
HAL_GPIO_WritePin                                 build/stm32l4xx_hal_gpio.o
                                                  build/main.o
HAL_GetDEVID                                      build/stm32l4xx_hal.o
HAL_GetHalVersion                                 build/stm32l4xx_hal.o
HAL_GetREVID                                      build/stm32l4xx_hal.o
HAL_GetTick                                       build/stm32l4xx_hal.o
                                                  build/stm32l4xx_hal_pcd_ex.o
                                                  build/stm32l4xx_hal_uart_ex.o
                                                  build/stm32l4xx_hal_uart.o
                                                  build/stm32l4xx_hal_spi.o
                                                  build/stm32l4xx_hal_qspi.o
                                                  build/stm32l4xx_hal_dma.o
                                                  build/stm32l4xx_hal_i2c.o
                                                  build/stm32l4xx_hal_flash.o
                                                  build/stm32l4xx_hal_rcc_ex.o
                                                  build/stm32l4xx_hal_rcc.o
                                                  build/stm32l4xx_hal_dfsdm.o
HAL_GetTickFreq                                   build/stm32l4xx_hal.o
HAL_GetTickPrio                                   build/stm32l4xx_hal.o
HAL_GetUIDw0                                      build/stm32l4xx_hal.o
HAL_GetUIDw1                                      build/stm32l4xx_hal.o
HAL_GetUIDw2                                      build/stm32l4xx_hal.o
HAL_HalfDuplex_EnableReceiver                     build/stm32l4xx_hal_uart.o
HAL_HalfDuplex_EnableTransmitter                  build/stm32l4xx_hal_uart.o
HAL_HalfDuplex_Init                               build/stm32l4xx_hal_uart.o
HAL_I2CEx_ConfigAnalogFilter                      build/stm32l4xx_hal_i2c_ex.o
                                                  build/main.o
HAL_I2CEx_ConfigDigitalFilter                     build/stm32l4xx_hal_i2c_ex.o
                                                  build/main.o
HAL_I2CEx_DisableFastModePlus                     build/stm32l4xx_hal_i2c_ex.o
HAL_I2CEx_DisableWakeUp                           build/stm32l4xx_hal_i2c_ex.o
HAL_I2CEx_EnableFastModePlus                      build/stm32l4xx_hal_i2c_ex.o
HAL_I2CEx_EnableWakeUp                            build/stm32l4xx_hal_i2c_ex.o
HAL_I2C_AbortCpltCallback                         build/stm32l4xx_hal_i2c.o
HAL_I2C_AddrCallback                              build/stm32l4xx_hal_i2c.o
HAL_I2C_DeInit                                    build/stm32l4xx_hal_i2c.o
HAL_I2C_DisableListen_IT                          build/stm32l4xx_hal_i2c.o
HAL_I2C_ER_IRQHandler                             build/stm32l4xx_hal_i2c.o
HAL_I2C_EV_IRQHandler                             build/stm32l4xx_hal_i2c.o
HAL_I2C_EnableListen_IT                           build/stm32l4xx_hal_i2c.o
HAL_I2C_ErrorCallback                             build/stm32l4xx_hal_i2c.o
HAL_I2C_GetError                                  build/stm32l4xx_hal_i2c.o
HAL_I2C_GetMode                                   build/stm32l4xx_hal_i2c.o
HAL_I2C_GetState                                  build/stm32l4xx_hal_i2c.o
HAL_I2C_Init                                      build/stm32l4xx_hal_i2c.o
                                                  build/main.o
HAL_I2C_IsDeviceReady                             build/stm32l4xx_hal_i2c.o
HAL_I2C_ListenCpltCallback                        build/stm32l4xx_hal_i2c.o
HAL_I2C_MasterRxCpltCallback                      build/stm32l4xx_hal_i2c.o
HAL_I2C_MasterTxCpltCallback                      build/stm32l4xx_hal_i2c.o
HAL_I2C_Master_Abort_IT                           build/stm32l4xx_hal_i2c.o
HAL_I2C_Master_Receive                            build/stm32l4xx_hal_i2c.o
HAL_I2C_Master_Receive_DMA                        build/stm32l4xx_hal_i2c.o
HAL_I2C_Master_Receive_IT                         build/stm32l4xx_hal_i2c.o
HAL_I2C_Master_Seq_Receive_DMA                    build/stm32l4xx_hal_i2c.o
HAL_I2C_Master_Seq_Receive_IT                     build/stm32l4xx_hal_i2c.o
HAL_I2C_Master_Seq_Transmit_DMA                   build/stm32l4xx_hal_i2c.o
HAL_I2C_Master_Seq_Transmit_IT                    build/stm32l4xx_hal_i2c.o
HAL_I2C_Master_Transmit                           build/stm32l4xx_hal_i2c.o
HAL_I2C_Master_Transmit_DMA                       build/stm32l4xx_hal_i2c.o
HAL_I2C_Master_Transmit_IT                        build/stm32l4xx_hal_i2c.o
HAL_I2C_MemRxCpltCallback                         build/stm32l4xx_hal_i2c.o
HAL_I2C_MemTxCpltCallback                         build/stm32l4xx_hal_i2c.o
HAL_I2C_Mem_Read                                  build/stm32l4xx_hal_i2c.o
HAL_I2C_Mem_Read_DMA                              build/stm32l4xx_hal_i2c.o
HAL_I2C_Mem_Read_IT                               build/stm32l4xx_hal_i2c.o
HAL_I2C_Mem_Write                                 build/stm32l4xx_hal_i2c.o
HAL_I2C_Mem_Write_DMA                             build/stm32l4xx_hal_i2c.o
HAL_I2C_Mem_Write_IT                              build/stm32l4xx_hal_i2c.o
HAL_I2C_MspDeInit                                 build/stm32l4xx_hal_msp.o
HAL_I2C_MspInit                                   build/stm32l4xx_hal_msp.o
HAL_I2C_SlaveRxCpltCallback                       build/stm32l4xx_hal_i2c.o
HAL_I2C_SlaveTxCpltCallback                       build/stm32l4xx_hal_i2c.o
HAL_I2C_Slave_Receive                             build/stm32l4xx_hal_i2c.o
HAL_I2C_Slave_Receive_DMA                         build/stm32l4xx_hal_i2c.o
HAL_I2C_Slave_Receive_IT                          build/stm32l4xx_hal_i2c.o
HAL_I2C_Slave_Seq_Receive_DMA                     build/stm32l4xx_hal_i2c.o
HAL_I2C_Slave_Seq_Receive_IT                      build/stm32l4xx_hal_i2c.o
HAL_I2C_Slave_Seq_Transmit_DMA                    build/stm32l4xx_hal_i2c.o
HAL_I2C_Slave_Seq_Transmit_IT                     build/stm32l4xx_hal_i2c.o
HAL_I2C_Slave_Transmit                            build/stm32l4xx_hal_i2c.o
HAL_I2C_Slave_Transmit_DMA                        build/stm32l4xx_hal_i2c.o
HAL_I2C_Slave_Transmit_IT                         build/stm32l4xx_hal_i2c.o
HAL_IncTick                                       build/stm32l4xx_hal.o
                                                  build/stm32l4xx_it.o
HAL_Init                                          build/stm32l4xx_hal.o
                                                  build/main.o
HAL_InitTick                                      build/stm32l4xx_hal.o
                                                  build/stm32l4xx_hal_rcc.o
HAL_LIN_Init                                      build/stm32l4xx_hal_uart.o
HAL_LIN_SendBreak                                 build/stm32l4xx_hal_uart.o
HAL_MPU_ConfigRegion                              build/stm32l4xx_hal_cortex.o
HAL_MPU_Disable                                   build/stm32l4xx_hal_cortex.o
HAL_MPU_DisableRegion                             build/stm32l4xx_hal_cortex.o
HAL_MPU_Enable                                    build/stm32l4xx_hal_cortex.o
HAL_MPU_EnableRegion                              build/stm32l4xx_hal_cortex.o
HAL_MspDeInit                                     build/stm32l4xx_hal.o
HAL_MspInit                                       build/stm32l4xx_hal_msp.o
HAL_MultiProcessorEx_AddressLength_Set            build/stm32l4xx_hal_uart_ex.o
HAL_MultiProcessor_DisableMuteMode                build/stm32l4xx_hal_uart.o
HAL_MultiProcessor_EnableMuteMode                 build/stm32l4xx_hal_uart.o
HAL_MultiProcessor_EnterMuteMode                  build/stm32l4xx_hal_uart.o
HAL_MultiProcessor_Init                           build/stm32l4xx_hal_uart.o
HAL_NVIC_ClearPendingIRQ                          build/stm32l4xx_hal_cortex.o
HAL_NVIC_DisableIRQ                               build/stm32l4xx_hal_cortex.o
HAL_NVIC_EnableIRQ                                build/stm32l4xx_hal_cortex.o
                                                  build/main.o
HAL_NVIC_GetActive                                build/stm32l4xx_hal_cortex.o
HAL_NVIC_GetPendingIRQ                            build/stm32l4xx_hal_cortex.o
HAL_NVIC_GetPriority                              build/stm32l4xx_hal_cortex.o
HAL_NVIC_GetPriorityGrouping                      build/stm32l4xx_hal_cortex.o
HAL_NVIC_SetPendingIRQ                            build/stm32l4xx_hal_cortex.o
HAL_NVIC_SetPriority                              build/stm32l4xx_hal_cortex.o
                                                  build/stm32l4xx_hal.o
                                                  build/main.o
HAL_NVIC_SetPriorityGrouping                      build/stm32l4xx_hal_cortex.o
                                                  build/stm32l4xx_hal.o
HAL_NVIC_SystemReset                              build/stm32l4xx_hal_cortex.o
HAL_PCDEx_ActivateBCD                             build/stm32l4xx_hal_pcd_ex.o
HAL_PCDEx_ActivateLPM                             build/stm32l4xx_hal_pcd_ex.o
                                                  build/stm32l4xx_hal_pcd.o
HAL_PCDEx_BCD_Callback                            build/stm32l4xx_hal_pcd_ex.o
HAL_PCDEx_BCD_VBUSDetect                          build/stm32l4xx_hal_pcd_ex.o
HAL_PCDEx_DeActivateBCD                           build/stm32l4xx_hal_pcd_ex.o
HAL_PCDEx_DeActivateLPM                           build/stm32l4xx_hal_pcd_ex.o
HAL_PCDEx_LPM_Callback                            build/stm32l4xx_hal_pcd_ex.o
                                                  build/stm32l4xx_hal_pcd.o
HAL_PCDEx_SetRxFiFo                               build/stm32l4xx_hal_pcd_ex.o
HAL_PCDEx_SetTxFiFo                               build/stm32l4xx_hal_pcd_ex.o
HAL_PCD_ActivateRemoteWakeup                      build/stm32l4xx_hal_pcd.o
HAL_PCD_ConnectCallback                           build/stm32l4xx_hal_pcd.o
HAL_PCD_DataInStageCallback                       build/stm32l4xx_hal_pcd.o
HAL_PCD_DataOutStageCallback                      build/stm32l4xx_hal_pcd.o
HAL_PCD_DeActivateRemoteWakeup                    build/stm32l4xx_hal_pcd.o
HAL_PCD_DeInit                                    build/stm32l4xx_hal_pcd.o
HAL_PCD_DevConnect                                build/stm32l4xx_hal_pcd.o
HAL_PCD_DevDisconnect                             build/stm32l4xx_hal_pcd.o
HAL_PCD_DisconnectCallback                        build/stm32l4xx_hal_pcd.o
HAL_PCD_EP_Abort                                  build/stm32l4xx_hal_pcd.o
HAL_PCD_EP_Close                                  build/stm32l4xx_hal_pcd.o
HAL_PCD_EP_ClrStall                               build/stm32l4xx_hal_pcd.o
HAL_PCD_EP_Flush                                  build/stm32l4xx_hal_pcd.o
HAL_PCD_EP_GetRxCount                             build/stm32l4xx_hal_pcd.o
HAL_PCD_EP_Open                                   build/stm32l4xx_hal_pcd.o
HAL_PCD_EP_Receive                                build/stm32l4xx_hal_pcd.o
HAL_PCD_EP_SetStall                               build/stm32l4xx_hal_pcd.o
HAL_PCD_EP_Transmit                               build/stm32l4xx_hal_pcd.o
HAL_PCD_GetState                                  build/stm32l4xx_hal_pcd.o
HAL_PCD_IRQHandler                                build/stm32l4xx_hal_pcd.o
HAL_PCD_ISOINIncompleteCallback                   build/stm32l4xx_hal_pcd.o
HAL_PCD_ISOOUTIncompleteCallback                  build/stm32l4xx_hal_pcd.o
HAL_PCD_Init                                      build/stm32l4xx_hal_pcd.o
                                                  build/main.o
HAL_PCD_MspDeInit                                 build/stm32l4xx_hal_msp.o
HAL_PCD_MspInit                                   build/stm32l4xx_hal_msp.o
HAL_PCD_ResetCallback                             build/stm32l4xx_hal_pcd.o
HAL_PCD_ResumeCallback                            build/stm32l4xx_hal_pcd.o
HAL_PCD_SOFCallback                               build/stm32l4xx_hal_pcd.o
HAL_PCD_SetAddress                                build/stm32l4xx_hal_pcd.o
HAL_PCD_SetupStageCallback                        build/stm32l4xx_hal_pcd.o
HAL_PCD_Start                                     build/stm32l4xx_hal_pcd.o
HAL_PCD_Stop                                      build/stm32l4xx_hal_pcd.o
HAL_PCD_SuspendCallback                           build/stm32l4xx_hal_pcd.o
HAL_PWREx_ConfigPVM                               build/stm32l4xx_hal_pwr_ex.o
HAL_PWREx_ControlVoltageScaling                   build/stm32l4xx_hal_pwr_ex.o
                                                  build/main.o
HAL_PWREx_DisableBatteryCharging                  build/stm32l4xx_hal_pwr_ex.o
HAL_PWREx_DisableGPIOPullDown                     build/stm32l4xx_hal_pwr_ex.o
HAL_PWREx_DisableGPIOPullUp                       build/stm32l4xx_hal_pwr_ex.o
HAL_PWREx_DisableInternalWakeUpLine               build/stm32l4xx_hal_pwr_ex.o
HAL_PWREx_DisableLowPowerRunMode                  build/stm32l4xx_hal_pwr_ex.o
                                                  build/stm32l4xx_hal_pwr.o
HAL_PWREx_DisablePVM1                             build/stm32l4xx_hal_pwr_ex.o
HAL_PWREx_DisablePVM2                             build/stm32l4xx_hal_pwr_ex.o
HAL_PWREx_DisablePVM3                             build/stm32l4xx_hal_pwr_ex.o
HAL_PWREx_DisablePVM4                             build/stm32l4xx_hal_pwr_ex.o
HAL_PWREx_DisablePullUpPullDownConfig             build/stm32l4xx_hal_pwr_ex.o
HAL_PWREx_DisableSRAM2ContentRetention            build/stm32l4xx_hal_pwr_ex.o
HAL_PWREx_DisableVddIO2                           build/stm32l4xx_hal_pwr_ex.o
HAL_PWREx_DisableVddUSB                           build/stm32l4xx_hal_pwr_ex.o
                                                  build/stm32l4xx_hal_msp.o
HAL_PWREx_EnableBatteryCharging                   build/stm32l4xx_hal_pwr_ex.o
HAL_PWREx_EnableGPIOPullDown                      build/stm32l4xx_hal_pwr_ex.o
HAL_PWREx_EnableGPIOPullUp                        build/stm32l4xx_hal_pwr_ex.o
HAL_PWREx_EnableInternalWakeUpLine                build/stm32l4xx_hal_pwr_ex.o
HAL_PWREx_EnableLowPowerRunMode                   build/stm32l4xx_hal_pwr_ex.o
                                                  build/stm32l4xx_hal_pwr.o
HAL_PWREx_EnablePVM1                              build/stm32l4xx_hal_pwr_ex.o
HAL_PWREx_EnablePVM2                              build/stm32l4xx_hal_pwr_ex.o
HAL_PWREx_EnablePVM3                              build/stm32l4xx_hal_pwr_ex.o
HAL_PWREx_EnablePVM4                              build/stm32l4xx_hal_pwr_ex.o
HAL_PWREx_EnablePullUpPullDownConfig              build/stm32l4xx_hal_pwr_ex.o
HAL_PWREx_EnableSRAM2ContentRetention             build/stm32l4xx_hal_pwr_ex.o
HAL_PWREx_EnableVddIO2                            build/stm32l4xx_hal_pwr_ex.o
HAL_PWREx_EnableVddUSB                            build/stm32l4xx_hal_pwr_ex.o
                                                  build/stm32l4xx_hal_msp.o
HAL_PWREx_EnterSHUTDOWNMode                       build/stm32l4xx_hal_pwr_ex.o
HAL_PWREx_EnterSTOP0Mode                          build/stm32l4xx_hal_pwr_ex.o
                                                  build/stm32l4xx_hal_pwr.o
HAL_PWREx_EnterSTOP1Mode                          build/stm32l4xx_hal_pwr_ex.o
                                                  build/stm32l4xx_hal_pwr.o
HAL_PWREx_EnterSTOP2Mode                          build/stm32l4xx_hal_pwr_ex.o
HAL_PWREx_GetVoltageRange                         build/stm32l4xx_hal_pwr_ex.o
                                                  build/stm32l4xx_hal_rcc.o
HAL_PWREx_PVD_PVM_IRQHandler                      build/stm32l4xx_hal_pwr_ex.o
HAL_PWREx_PVM1Callback                            build/stm32l4xx_hal_pwr_ex.o
HAL_PWREx_PVM2Callback                            build/stm32l4xx_hal_pwr_ex.o
HAL_PWREx_PVM3Callback                            build/stm32l4xx_hal_pwr_ex.o
HAL_PWREx_PVM4Callback                            build/stm32l4xx_hal_pwr_ex.o
HAL_PWREx_SetSRAM2ContentRetention                build/stm32l4xx_hal_pwr_ex.o
HAL_PWR_ConfigPVD                                 build/stm32l4xx_hal_pwr.o
HAL_PWR_DeInit                                    build/stm32l4xx_hal_pwr.o
HAL_PWR_DisableBkUpAccess                         build/stm32l4xx_hal_pwr.o
                                                  build/stm32l4xx_hal_rcc_ex.o
HAL_PWR_DisablePVD                                build/stm32l4xx_hal_pwr.o
HAL_PWR_DisableSEVOnPend                          build/stm32l4xx_hal_pwr.o
HAL_PWR_DisableSleepOnExit                        build/stm32l4xx_hal_pwr.o
HAL_PWR_DisableWakeUpPin                          build/stm32l4xx_hal_pwr.o
HAL_PWR_EnableBkUpAccess                          build/stm32l4xx_hal_pwr.o
                                                  build/stm32l4xx_hal_rcc_ex.o
                                                  build/main.o
HAL_PWR_EnablePVD                                 build/stm32l4xx_hal_pwr.o
HAL_PWR_EnableSEVOnPend                           build/stm32l4xx_hal_pwr.o
HAL_PWR_EnableSleepOnExit                         build/stm32l4xx_hal_pwr.o
HAL_PWR_EnableWakeUpPin                           build/stm32l4xx_hal_pwr.o
HAL_PWR_EnterSLEEPMode                            build/stm32l4xx_hal_pwr.o
HAL_PWR_EnterSTANDBYMode                          build/stm32l4xx_hal_pwr.o
HAL_PWR_EnterSTOPMode                             build/stm32l4xx_hal_pwr.o
HAL_PWR_PVDCallback                               build/stm32l4xx_hal_pwr.o
                                                  build/stm32l4xx_hal_pwr_ex.o
HAL_QSPI_Abort                                    build/stm32l4xx_hal_qspi.o
HAL_QSPI_AbortCpltCallback                        build/stm32l4xx_hal_qspi.o
HAL_QSPI_Abort_IT                                 build/stm32l4xx_hal_qspi.o
HAL_QSPI_AutoPolling                              build/stm32l4xx_hal_qspi.o
HAL_QSPI_AutoPolling_IT                           build/stm32l4xx_hal_qspi.o
HAL_QSPI_CmdCpltCallback                          build/stm32l4xx_hal_qspi.o
HAL_QSPI_Command                                  build/stm32l4xx_hal_qspi.o
HAL_QSPI_Command_IT                               build/stm32l4xx_hal_qspi.o
HAL_QSPI_DeInit                                   build/stm32l4xx_hal_qspi.o
HAL_QSPI_ErrorCallback                            build/stm32l4xx_hal_qspi.o
HAL_QSPI_FifoThresholdCallback                    build/stm32l4xx_hal_qspi.o
HAL_QSPI_GetError                                 build/stm32l4xx_hal_qspi.o
HAL_QSPI_GetFifoThreshold                         build/stm32l4xx_hal_qspi.o
HAL_QSPI_GetState                                 build/stm32l4xx_hal_qspi.o
HAL_QSPI_IRQHandler                               build/stm32l4xx_hal_qspi.o
HAL_QSPI_Init                                     build/stm32l4xx_hal_qspi.o
                                                  build/main.o
HAL_QSPI_MemoryMapped                             build/stm32l4xx_hal_qspi.o
HAL_QSPI_MspDeInit                                build/stm32l4xx_hal_msp.o
HAL_QSPI_MspInit                                  build/stm32l4xx_hal_msp.o
HAL_QSPI_Receive                                  build/stm32l4xx_hal_qspi.o
HAL_QSPI_Receive_DMA                              build/stm32l4xx_hal_qspi.o
HAL_QSPI_Receive_IT                               build/stm32l4xx_hal_qspi.o
HAL_QSPI_RxCpltCallback                           build/stm32l4xx_hal_qspi.o
HAL_QSPI_RxHalfCpltCallback                       build/stm32l4xx_hal_qspi.o
HAL_QSPI_SetFifoThreshold                         build/stm32l4xx_hal_qspi.o
HAL_QSPI_SetTimeout                               build/stm32l4xx_hal_qspi.o
HAL_QSPI_StatusMatchCallback                      build/stm32l4xx_hal_qspi.o
HAL_QSPI_TimeOutCallback                          build/stm32l4xx_hal_qspi.o
HAL_QSPI_Transmit                                 build/stm32l4xx_hal_qspi.o
HAL_QSPI_Transmit_DMA                             build/stm32l4xx_hal_qspi.o
HAL_QSPI_Transmit_IT                              build/stm32l4xx_hal_qspi.o
HAL_QSPI_TxCpltCallback                           build/stm32l4xx_hal_qspi.o
HAL_QSPI_TxHalfCpltCallback                       build/stm32l4xx_hal_qspi.o
HAL_RCCEx_DisableLSCO                             build/stm32l4xx_hal_rcc_ex.o
HAL_RCCEx_DisableLSECSS                           build/stm32l4xx_hal_rcc_ex.o
HAL_RCCEx_DisableMSIPLLMode                       build/stm32l4xx_hal_rcc_ex.o
HAL_RCCEx_DisablePLLSAI1                          build/stm32l4xx_hal_rcc_ex.o
HAL_RCCEx_DisablePLLSAI2                          build/stm32l4xx_hal_rcc_ex.o
HAL_RCCEx_EnableLSCO                              build/stm32l4xx_hal_rcc_ex.o
HAL_RCCEx_EnableLSECSS                            build/stm32l4xx_hal_rcc_ex.o
HAL_RCCEx_EnableLSECSS_IT                         build/stm32l4xx_hal_rcc_ex.o
HAL_RCCEx_EnableMSIPLLMode                        build/stm32l4xx_hal_rcc_ex.o
                                                  build/main.o
HAL_RCCEx_EnablePLLSAI1                           build/stm32l4xx_hal_rcc_ex.o
HAL_RCCEx_EnablePLLSAI2                           build/stm32l4xx_hal_rcc_ex.o
HAL_RCCEx_GetPeriphCLKConfig                      build/stm32l4xx_hal_rcc_ex.o
HAL_RCCEx_GetPeriphCLKFreq                        build/stm32l4xx_hal_rcc_ex.o
HAL_RCCEx_LSECSS_Callback                         build/stm32l4xx_hal_rcc_ex.o
HAL_RCCEx_LSECSS_IRQHandler                       build/stm32l4xx_hal_rcc_ex.o
HAL_RCCEx_PeriphCLKConfig                         build/stm32l4xx_hal_rcc_ex.o
                                                  build/stm32l4xx_hal_msp.o
HAL_RCCEx_StandbyMSIRangeConfig                   build/stm32l4xx_hal_rcc_ex.o
HAL_RCCEx_WakeUpStopCLKConfig                     build/stm32l4xx_hal_rcc_ex.o
HAL_RCC_CSSCallback                               build/stm32l4xx_hal_rcc.o
HAL_RCC_ClockConfig                               build/stm32l4xx_hal_rcc.o
                                                  build/main.o
HAL_RCC_DeInit                                    build/stm32l4xx_hal_rcc.o
HAL_RCC_EnableCSS                                 build/stm32l4xx_hal_rcc.o
HAL_RCC_GetClockConfig                            build/stm32l4xx_hal_rcc.o
HAL_RCC_GetHCLKFreq                               build/stm32l4xx_hal_rcc.o
                                                  build/stm32l4xx_hal_pcd.o
HAL_RCC_GetOscConfig                              build/stm32l4xx_hal_rcc.o
HAL_RCC_GetPCLK1Freq                              build/stm32l4xx_hal_rcc.o
                                                  build/stm32l4xx_hal_uart.o
                                                  build/stm32l4xx_hal_rcc_ex.o
HAL_RCC_GetPCLK2Freq                              build/stm32l4xx_hal_rcc.o
                                                  build/stm32l4xx_hal_uart.o
                                                  build/stm32l4xx_hal_rcc_ex.o
HAL_RCC_GetResetSource                            build/stm32l4xx_hal_rcc.o
HAL_RCC_GetSysClockFreq                           build/stm32l4xx_hal_rcc.o
                                                  build/stm32l4xx_hal_uart.o
                                                  build/stm32l4xx_hal_rcc_ex.o
HAL_RCC_MCOConfig                                 build/stm32l4xx_hal_rcc.o
HAL_RCC_NMI_IRQHandler                            build/stm32l4xx_hal_rcc.o
HAL_RCC_OscConfig                                 build/stm32l4xx_hal_rcc.o
                                                  build/main.o
HAL_RS485Ex_Init                                  build/stm32l4xx_hal_uart_ex.o
HAL_ResumeTick                                    build/stm32l4xx_hal.o
HAL_SPIEx_FlushRxFifo                             build/stm32l4xx_hal_spi_ex.o
HAL_SPI_Abort                                     build/stm32l4xx_hal_spi.o
HAL_SPI_AbortCpltCallback                         build/stm32l4xx_hal_spi.o
HAL_SPI_Abort_IT                                  build/stm32l4xx_hal_spi.o
HAL_SPI_DMAPause                                  build/stm32l4xx_hal_spi.o
HAL_SPI_DMAResume                                 build/stm32l4xx_hal_spi.o
HAL_SPI_DMAStop                                   build/stm32l4xx_hal_spi.o
HAL_SPI_DeInit                                    build/stm32l4xx_hal_spi.o
HAL_SPI_ErrorCallback                             build/stm32l4xx_hal_spi.o
HAL_SPI_GetError                                  build/stm32l4xx_hal_spi.o
HAL_SPI_GetState                                  build/stm32l4xx_hal_spi.o
HAL_SPI_IRQHandler                                build/stm32l4xx_hal_spi.o
HAL_SPI_Init                                      build/stm32l4xx_hal_spi.o
                                                  build/main.o
HAL_SPI_MspDeInit                                 build/stm32l4xx_hal_msp.o
HAL_SPI_MspInit                                   build/stm32l4xx_hal_msp.o
HAL_SPI_Receive                                   build/stm32l4xx_hal_spi.o
HAL_SPI_Receive_DMA                               build/stm32l4xx_hal_spi.o
HAL_SPI_Receive_IT                                build/stm32l4xx_hal_spi.o
HAL_SPI_RxCpltCallback                            build/stm32l4xx_hal_spi.o
HAL_SPI_RxHalfCpltCallback                        build/stm32l4xx_hal_spi.o
HAL_SPI_Transmit                                  build/stm32l4xx_hal_spi.o
HAL_SPI_TransmitReceive                           build/stm32l4xx_hal_spi.o
HAL_SPI_TransmitReceive_DMA                       build/stm32l4xx_hal_spi.o
HAL_SPI_TransmitReceive_IT                        build/stm32l4xx_hal_spi.o
HAL_SPI_Transmit_DMA                              build/stm32l4xx_hal_spi.o
HAL_SPI_Transmit_IT                               build/stm32l4xx_hal_spi.o
HAL_SPI_TxCpltCallback                            build/stm32l4xx_hal_spi.o
HAL_SPI_TxHalfCpltCallback                        build/stm32l4xx_hal_spi.o
HAL_SPI_TxRxCpltCallback                          build/stm32l4xx_hal_spi.o
HAL_SPI_TxRxHalfCpltCallback                      build/stm32l4xx_hal_spi.o
HAL_SYSCFG_DisableIOAnalogSwitchBooster           build/stm32l4xx_hal.o
HAL_SYSCFG_DisableMemorySwappingBank              build/stm32l4xx_hal.o
HAL_SYSCFG_DisableVREFBUF                         build/stm32l4xx_hal.o
HAL_SYSCFG_EnableIOAnalogSwitchBooster            build/stm32l4xx_hal.o
HAL_SYSCFG_EnableMemorySwappingBank               build/stm32l4xx_hal.o
HAL_SYSCFG_EnableVREFBUF                          build/stm32l4xx_hal.o
HAL_SYSCFG_SRAM2Erase                             build/stm32l4xx_hal.o
HAL_SYSCFG_VREFBUF_HighImpedanceConfig            build/stm32l4xx_hal.o
HAL_SYSCFG_VREFBUF_TrimmingConfig                 build/stm32l4xx_hal.o
HAL_SYSCFG_VREFBUF_VoltageScalingConfig           build/stm32l4xx_hal.o
HAL_SYSTICK_CLKSourceConfig                       build/stm32l4xx_hal_cortex.o
HAL_SYSTICK_Callback                              build/stm32l4xx_hal_cortex.o
HAL_SYSTICK_Config                                build/stm32l4xx_hal_cortex.o
                                                  build/stm32l4xx_hal.o
HAL_SYSTICK_IRQHandler                            build/stm32l4xx_hal_cortex.o
HAL_SetTickFreq                                   build/stm32l4xx_hal.o
HAL_SuspendTick                                   build/stm32l4xx_hal.o
HAL_UARTEx_DisableClockStopMode                   build/stm32l4xx_hal_uart_ex.o
HAL_UARTEx_DisableStopMode                        build/stm32l4xx_hal_uart_ex.o
HAL_UARTEx_EnableClockStopMode                    build/stm32l4xx_hal_uart_ex.o
HAL_UARTEx_EnableStopMode                         build/stm32l4xx_hal_uart_ex.o
HAL_UARTEx_GetRxEventType                         build/stm32l4xx_hal_uart_ex.o
HAL_UARTEx_ReceiveToIdle                          build/stm32l4xx_hal_uart_ex.o